Component: ARM Compiler 5.06 update 7 (build 960) Tool: armlink [4d3601]

==============================================================================

Section Cross References

    startup_stm32g474xx.o(STACK) refers (Special) to heapauxi.o(.text) for __use_two_region_memory
    startup_stm32g474xx.o(HEAP) refers (Special) to heapauxi.o(.text) for __use_two_region_memory
    startup_stm32g474xx.o(RESET) refers (Special) to heapauxi.o(.text) for __use_two_region_memory
    startup_stm32g474xx.o(RESET) refers to startup_stm32g474xx.o(STACK) for __initial_sp
    startup_stm32g474xx.o(RESET) refers to startup_stm32g474xx.o(.text) for Reset_Handler
    startup_stm32g474xx.o(RESET) refers to stm32g4xx_it.o(i.NMI_Handler) for NMI_Handler
    startup_stm32g474xx.o(RESET) refers to stm32g4xx_it.o(i.HardFault_Handler) for HardFault_Handler
    startup_stm32g474xx.o(RESET) refers to stm32g4xx_it.o(i.MemManage_Handler) for MemManage_Handler
    startup_stm32g474xx.o(RESET) refers to stm32g4xx_it.o(i.BusFault_Handler) for BusFault_Handler
    startup_stm32g474xx.o(RESET) refers to stm32g4xx_it.o(i.UsageFault_Handler) for UsageFault_Handler
    startup_stm32g474xx.o(RESET) refers to stm32g4xx_it.o(i.SVC_Handler) for SVC_Handler
    startup_stm32g474xx.o(RESET) refers to stm32g4xx_it.o(i.DebugMon_Handler) for DebugMon_Handler
    startup_stm32g474xx.o(RESET) refers to stm32g4xx_it.o(i.PendSV_Handler) for PendSV_Handler
    startup_stm32g474xx.o(RESET) refers to stm32g4xx_it.o(i.SysTick_Handler) for SysTick_Handler
    startup_stm32g474xx.o(RESET) refers to stm32g4xx_it.o(i.DMA1_Channel1_IRQHandler) for DMA1_Channel1_IRQHandler
    startup_stm32g474xx.o(RESET) refers to stm32g4xx_it.o(i.DMA1_Channel2_IRQHandler) for DMA1_Channel2_IRQHandler
    startup_stm32g474xx.o(RESET) refers to stm32g4xx_it.o(i.FDCAN1_IT0_IRQHandler) for FDCAN1_IT0_IRQHandler
    startup_stm32g474xx.o(RESET) refers to stm32g4xx_it.o(i.FDCAN1_IT1_IRQHandler) for FDCAN1_IT1_IRQHandler
    startup_stm32g474xx.o(RESET) refers to stm32g4xx_it.o(i.FDCAN2_IT0_IRQHandler) for FDCAN2_IT0_IRQHandler
    startup_stm32g474xx.o(RESET) refers to stm32g4xx_it.o(i.FDCAN2_IT1_IRQHandler) for FDCAN2_IT1_IRQHandler
    startup_stm32g474xx.o(RESET) refers to stm32g4xx_it.o(i.FDCAN3_IT0_IRQHandler) for FDCAN3_IT0_IRQHandler
    startup_stm32g474xx.o(RESET) refers to stm32g4xx_it.o(i.FDCAN3_IT1_IRQHandler) for FDCAN3_IT1_IRQHandler
    startup_stm32g474xx.o(.text) refers (Special) to heapauxi.o(.text) for __use_two_region_memory
    startup_stm32g474xx.o(.text) refers to system_stm32g4xx.o(i.SystemInit) for SystemInit
    startup_stm32g474xx.o(.text) refers to __main.o(!!!main) for __main
    startup_stm32g474xx.o(.text) refers to startup_stm32g474xx.o(HEAP) for Heap_Mem
    startup_stm32g474xx.o(.text) refers to startup_stm32g474xx.o(STACK) for Stack_Mem
    main.o(i.SystemClock_Config) refers to rt_memclr_w.o(.text) for __aeabi_memclr4
    main.o(i.SystemClock_Config) refers to stm32g4xx_hal_pwr_ex.o(i.HAL_PWREx_ControlVoltageScaling) for HAL_PWREx_ControlVoltageScaling
    main.o(i.SystemClock_Config) refers to stm32g4xx_hal_rcc.o(i.HAL_RCC_OscConfig) for HAL_RCC_OscConfig
    main.o(i.SystemClock_Config) refers to main.o(i.Error_Handler) for Error_Handler
    main.o(i.SystemClock_Config) refers to stm32g4xx_hal_rcc.o(i.HAL_RCC_ClockConfig) for HAL_RCC_ClockConfig
    main.o(i.main) refers to stm32g4xx_hal.o(i.HAL_Init) for HAL_Init
    main.o(i.main) refers to main.o(i.SystemClock_Config) for SystemClock_Config
    main.o(i.main) refers to gpio.o(i.MX_GPIO_Init) for MX_GPIO_Init
    main.o(i.main) refers to dma.o(i.MX_DMA_Init) for MX_DMA_Init
    main.o(i.main) refers to adc.o(i.MX_ADC1_Init) for MX_ADC1_Init
    main.o(i.main) refers to adc.o(i.MX_ADC2_Init) for MX_ADC2_Init
    main.o(i.main) refers to fdcan.o(i.MX_FDCAN1_Init) for MX_FDCAN1_Init
    main.o(i.main) refers to fdcan.o(i.MX_FDCAN2_Init) for MX_FDCAN2_Init
    main.o(i.main) refers to fdcan.o(i.MX_FDCAN3_Init) for MX_FDCAN3_Init
    main.o(i.main) refers to i2c.o(i.MX_I2C1_Init) for MX_I2C1_Init
    main.o(i.main) refers to usart.o(i.MX_USART2_UART_Init) for MX_USART2_UART_Init
    main.o(i.main) refers to adc.o(i.ADC1_StartDMA) for ADC1_StartDMA
    main.o(i.main) refers to adc.o(i.ADC2_StartDMA) for ADC2_StartDMA
    main.o(i.main) refers to stm32g4xx_hal.o(i.HAL_Delay) for HAL_Delay
    main.o(i.main) refers to adc.o(i.ADC_CalibrateLegCurrentOffsets) for ADC_CalibrateLegCurrentOffsets
    main.o(i.main) refers to adc.o(i.ADC_UpdateCurrents) for ADC_UpdateCurrents
    main.o(i.main) refers to fdcan.o(i.FDCAN_BatteryCanStart) for FDCAN_BatteryCanStart
    main.o(i.main) refers to gpio.o(i.Power_UpdateGpioDebugStates) for Power_UpdateGpioDebugStates
    main.o(i.main) refers to gpio.o(i.Power_EnterDischargeMode) for Power_EnterDischargeMode
    main.o(i.main) refers to fdcan.o(i.FDCAN_BatteryCanTask) for FDCAN_BatteryCanTask
    main.o(i.main) refers to gpio.o(i.Power_ModeTask) for Power_ModeTask
[...]
    i.LL_ADC_REG_IsConversionOngoing         0x08004618   Section        0  stm32g4xx_hal_adc_ex.o(i.LL_ADC_REG_IsConversionOngoing)
    LL_ADC_REG_IsConversionOngoing           0x08004619   Thumb Code    10  stm32g4xx_hal_adc_ex.o(i.LL_ADC_REG_IsConversionOngoing)
    i.LL_ADC_REG_IsTriggerSourceSWStart      0x08004622   Section        0  stm32g4xx_hal_adc.o(i.LL_ADC_REG_IsTriggerSourceSWStart)
    LL_ADC_REG_IsTriggerSourceSWStart        0x08004623   Thumb Code    18  stm32g4xx_hal_adc.o(i.LL_ADC_REG_IsTriggerSourceSWStart)
    i.LL_ADC_REG_StartConversion             0x08004634   Section        0  stm32g4xx_hal_adc.o(i.LL_ADC_REG_StartConversion)
    LL_ADC_REG_StartConversion               0x08004635   Thumb Code    12  stm32g4xx_hal_adc.o(i.LL_ADC_REG_StartConversion)
    i.LL_ADC_SetChannelSamplingTime          0x08004644   Section        0  stm32g4xx_hal_adc.o(i.LL_ADC_SetChannelSamplingTime)
    LL_ADC_SetChannelSamplingTime            0x08004645   Thumb Code    40  stm32g4xx_hal_adc.o(i.LL_ADC_SetChannelSamplingTime)
    i.LL_ADC_SetCommonPathInternalCh         0x0800466c   Section        0  stm32g4xx_hal_adc.o(i.LL_ADC_SetCommonPathInternalCh)
    LL_ADC_SetCommonPathInternalCh           0x0800466d   Thumb Code    12  stm32g4xx_hal_adc.o(i.LL_ADC_SetCommonPathInternalCh)
    i.LL_ADC_SetOffsetState                  0x08004678   Section        0  stm32g4xx_hal_adc.o(i.LL_ADC_SetOffsetState)
    LL_ADC_SetOffsetState                    0x08004679   Thumb Code    22  stm32g4xx_hal_adc.o(i.LL_ADC_SetOffsetState)
    i.LL_ADC_SetSamplingTimeCommonConfig     0x0800468e   Section        0  stm32g4xx_hal_adc.o(i.LL_ADC_SetSamplingTimeCommonConfig)
    LL_ADC_SetSamplingTimeCommonConfig       0x0800468f   Thumb Code    12  stm32g4xx_hal_adc.o(i.LL_ADC_SetSamplingTimeCommonConfig)
    i.MX_ADC1_Init                           0x0800469c   Section        0  adc.o(i.MX_ADC1_Init)
    i.MX_ADC2_Init                           0x080047c8   Section        0  adc.o(i.MX_ADC2_Init)
    i.MX_DMA_Init                            0x080048a4   Section        0  dma.o(i.MX_DMA_Init)
    i.MX_FDCAN1_Init                         0x08004904   Section        0  fdcan.o(i.MX_FDCAN1_Init)
    i.MX_FDCAN2_Init                         0x0800495c   Section        0  fdcan.o(i.MX_FDCAN2_Init)
    i.MX_FDCAN3_Init                         0x080049b4   Section        0  fdcan.o(i.MX_FDCAN3_Init)
    i.MX_GPIO_Init                           0x08004a08   Section        0  gpio.o(i.MX_GPIO_Init)
    i.MX_I2C1_Init                           0x08004b2c   Section        0  i2c.o(i.MX_I2C1_Init)
    i.MX_USART2_UART_Init                    0x08004b84   Section        0  usart.o(i.MX_USART2_UART_Init)
    i.MemManage_Handler                      0x08004bf4   Section        0  stm32g4xx_it.o(i.MemManage_Handler)
    i.NMI_Handler                            0x08004bf8   Section        0  stm32g4xx_it.o(i.NMI_Handler)
    i.PendSV_Handler                         0x08004bfc   Section        0  stm32g4xx_it.o(i.PendSV_Handler)
    i.Power_AllMosOff                        0x08004c00   Section        0  gpio.o(i.Power_AllMosOff)
    i.Power_DisableBattery1Path              0x08004c90   Section        0  gpio.o(i.Power_DisableBattery1Path)
    Power_DisableBattery1Path                0x08004c91   Thumb Code    76  gpio.o(i.Power_DisableBattery1Path)
    i.Power_DisableBattery2Path              0x08004cf0   Section        0  gpio.o(i.Power_DisableBattery2Path)
    Power_DisableBattery2Path                0x08004cf1   Thumb Code    74  gpio.o(i.Power_DisableBattery2Path)
    i.Power_DisableLowerRechargeMosBeforeNewDischarge 0x08004d50   Section        0  gpio.o(i.Power_DisableLowerRechargeMosBeforeNewDischarge)
    Power_DisableLowerRechargeMosBeforeNewDischarge 0x08004d51   Thumb Code   114  gpio.o(i.Power_DisableLowerRechargeMosBeforeNewDischarge)
    i.Power_EnableBattery1DischargePath      0x08004dd8   Section        0  gpio.o(i.Power_EnableBattery1DischargePath)
    Power_EnableBattery1DischargePath        0x08004dd9   Thumb Code    46  gpio.o(i.Power_EnableBattery1DischargePath)
    i.Power_EnableBattery2DischargePath      0x08004e10   Section        0  gpio.o(i.Power_EnableBattery2DischargePath)
    Power_EnableBattery2DischargePath        0x08004e11   Thumb Code    46  gpio.o(i.Power_EnableBattery2DischargePath)
    i.Power_EnterChargeMode                  0x08004e48   Section        0  gpio.o(i.Power_EnterChargeMode)
    i.Power_EnterDischargeMode               0x08004eb4   Section        0  gpio.o(i.Power_EnterDischargeMode)
    i.Power_ExitChargeMode                   0x08004ef8   Section        0  gpio.o(i.Power_ExitChargeMode)
    i.Power_FinishBattery1PreDischarge       0x08004f50   Section        0  gpio.o(i.Power_FinishBattery1PreDischarge)
    Power_FinishBattery1PreDischarge         0x08004f51   Thumb Code    30  gpio.o(i.Power_FinishBattery1PreDischarge)
    i.Power_FinishBattery2PreDischarge       0x08004f7c   Section        0  gpio.o(i.Power_FinishBattery2PreDischarge)
    Power_FinishBattery2PreDischarge         0x08004f7d   Thumb Code    30  gpio.o(i.Power_FinishBattery2PreDischarge)
    i.Power_GetBatteryCanVoltage             0x08004fa8   Section        0  gpio.o(i.Power_GetBatteryCanVoltage)
    Power_GetBatteryCanVoltage               0x08004fa9   Thumb Code    20  gpio.o(i.Power_GetBatteryCanVoltage)
    i.Power_GetRechargeMaskByCanVoltage      0x08004fc4   Section        0  gpio.o(i.Power_GetRechargeMaskByCanVoltage)
    Power_GetRechargeMaskByCanVoltage        0x08004fc5   Thumb Code   112  gpio.o(i.Power_GetRechargeMaskByCanVoltage)
    i.Power_IsBatteryCanPresent              0x08005040   Section        0  gpio.o(i.Power_IsBatteryCanPresent)
    Power_IsBatteryCanPresent                0x08005041   Thumb Code    66  gpio.o(i.Power_IsBatteryCanPresent)
    i.Power_IsBatteryCanReady                0x08005094   Section        0  gpio.o(i.Power_IsBatteryCanReady)
    Power_IsBatteryCanReady                  0x08005095   Thumb Code   114  gpio.o(i.Power_IsBatteryCanReady)
    i.Power_IsEmergencyStopActive            0x08005130   Section        0  gpio.o(i.Power_IsEmergencyStopActive)
    i.Power_ModeTask                         0x0800517c   Section        0  gpio.o(i.Power_ModeTask)
    i.Power_ReadEmergencyStop                0x08005214   Section        0  gpio.o(i.Power_ReadEmergencyStop)
    i.Power_SetChargeMos                     0x08005224   Section        0  gpio.o(i.Power_SetChargeMos)
    Power_SetChargeMos                       0x08005225   Thumb Code    34  gpio.o(i.Power_SetChargeMos)
    i.Power_SetRechargeMos                   0x0800524c   Section        0  gpio.o(i.Power_SetRechargeMos)
    Power_SetRechargeMos                     0x0800524d   Thumb Code    32  gpio.o(i.Power_SetRechargeMos)
    i.Power_StartBattery1PreDischarge        0x08005270   Section        0  gpio.o(i.Power_StartBattery1PreDischarge)
    Power_StartBattery1PreDischarge          0x08005271   Thumb Code    68  gpio.o(i.Power_StartBattery1PreDischarge)
    i.Power_StartBattery2PreDischarge        0x080052c8   Section        0  gpio.o(i.Power_StartBattery2PreDischarge)
    Power_StartBattery2PreDischarge          0x080052c9   Thumb Code    68  gpio.o(i.Power_StartBattery2PreDischarge)
    i.Power_UpdateBattery1Path               0x08005320   Section        0  gpio.o(i.Power_UpdateBattery1Path)
    Power_UpdateBattery1Path                 0x08005321   Thumb Code    88  gpio.o(i.Power_UpdateBattery1Path)
    i.Power_UpdateBattery2Path               0x08005388   Section        0  gpio.o(i.Power_UpdateBattery2Path)
    Power_UpdateBattery2Path                 0x08005389   Thumb Code    88  gpio.o(i.Power_UpdateBattery2Path)
    i.Power_UpdateChargeMode                 0x080053f0   Section        0  gpio.o(i.Power_UpdateChargeMode)
    Power_UpdateChargeMode                   0x080053f1   Thumb Code   270  gpio.o(i.Power_UpdateChargeMode)
    i.Power_UpdateGpioDebugStates            0x08005518   Section        0  gpio.o(i.Power_UpdateGpioDebugStates)
    i.Power_UpdatePeripheralPower            0x08005624   Section        0  gpio.o(i.Power_UpdatePeripheralPower)
    Power_UpdatePeripheralPower              0x08005625   Thumb Code    36  gpio.o(i.Power_UpdatePeripheralPower)
    i.Power_UpdateRechargeMos                0x0800564c   Section        0  gpio.o(i.Power_UpdateRechargeMos)
    Power_UpdateRechargeMos                  0x0800564d   Thumb Code    22  gpio.o(i.Power_UpdateRechargeMos)
    i.RCC_GetSysClockFreqFromPLLSource       0x08005664   Section        0  stm32g4xx_hal_rcc.o(i.RCC_GetSysClockFreqFromPLLSource)
    RCC_GetSysClockFreqFromPLLSource         0x08005665   Thumb Code    90  stm32g4xx_hal_rcc.o(i.RCC_GetSysClockFreqFromPLLSource)
    i.SVC_Handler                            0x080056cc   Section        0  stm32g4xx_it.o(i.SVC_Handler)
    i.SysTick_Handler                        0x080056ce   Section        0  stm32g4xx_it.o(i.SysTick_Handler)
    i.SystemClock_Config                     0x080056d6   Section        0  main.o(i.SystemClock_Config)
    i.SystemInit                             0x08005744   Section        0  system_stm32g4xx.o(i.SystemInit)
    i.UARTEx_SetNbDataToProcess              0x08005758   Section        0  stm32g4xx_hal_uart_ex.o(i.UARTEx_SetNbDataToProcess)
    UARTEx_SetNbDataToProcess                0x08005759   Thumb Code    78  stm32g4xx_hal_uart_ex.o(i.UARTEx_SetNbDataToProcess)
    i.UART_AdvFeatureConfig                  0x080057b0   Section        0  stm32g4xx_hal_uart.o(i.UART_AdvFeatureConfig)
    i.UART_CheckIdleState                    0x080058a8   Section        0  stm32g4xx_hal_uart.o(i.UART_CheckIdleState)
    i.UART_EndRxTransfer                     0x08005994   Section        0  stm32g4xx_hal_uart.o(i.UART_EndRxTransfer)
    UART_EndRxTransfer                       0x08005995   Thumb Code   104  stm32g4xx_hal_uart.o(i.UART_EndRxTransfer)
    i.UART_SetConfig                         0x08005a00   Section        0  stm32g4xx_hal_uart.o(i.UART_SetConfig)
    i.UART_WaitOnFlagUntilTimeout            0x08005dc8   Section        0  stm32g4xx_hal_uart.o(i.UART_WaitOnFlagUntilTimeout)
    i.UsageFault_Handler                     0x08005e74   Section        0  stm32g4xx_it.o(i.UsageFault_Handler)
    i.__NVIC_GetPriorityGrouping             0x08005e78   Section        0  stm32g4xx_hal_cortex.o(i.__NVIC_GetPriorityGrouping)
    __NVIC_GetPriorityGrouping               0x08005e79   Thumb Code    10  stm32g4xx_hal_cortex.o(i.__NVIC_GetPriorityGrouping)
    i.__NVIC_SetPriority                     0x08005e88   Section        0  stm32g4xx_hal_cortex.o(i.__NVIC_SetPriority)
    __NVIC_SetPriority                       0x08005e89   Thumb Code    32  stm32g4xx_hal_cortex.o(i.__NVIC_SetPriority)
    i.main                                   0x08005eb0   Section        0  main.o(i.main)
    x$fpl$fpinit                             0x08005f12   Section       10  fpinit.o(x$fpl$fpinit)
    $v0                                      0x08005f12   Number         0  fpinit.o(x$fpl$fpinit)
    .constdata                               0x08005f1c   Section       28  fdcan.o(.constdata)
    filterIdBases                            0x08005f1c   Data          28  fdcan.o(.constdata)
    .constdata                               0x08005f38   Section       16  stm32g4xx_hal_fdcan.o(.constdata)
    DLCtoBytes                               0x08005f38   Data          16  stm32g4xx_hal_fdcan.o(.constdata)
    .constdata                               0x08005f48   Section       24  stm32g4xx_hal_uart.o(.constdata)
    .constdata                               0x08005f60   Section       16  stm32g4xx_hal_uart_ex.o(.constdata)
    numerator                                0x08005f60   Data           8  stm32g4xx_hal_uart_ex.o(.constdata)
    denominator                              0x08005f68   Data           8  stm32g4xx_hal_uart_ex.o(.constdata)
    .constdata                               0x08005f70   Section       24  system_stm32g4xx.o(.constdata)
    .data                                    0x20000000   Section       40  gpio.o(.data)
    battery1Control                          0x20000000   Data           1  gpio.o(.data)
    battery2Control                          0x20000001   Data           1  gpio.o(.data)
    dischargeModeEnabled                     0x20000002   Data           1  gpio.o(.data)
    powerWorkMode                            0x20000003   Data           1  gpio.o(.data)
    powerPreDischargeDone                    0x20000004   Data           1  gpio.o(.data)
    powerPreDischargeBatteryIndex            0x20000005   Data           1  gpio.o(.data)
    battery1PreDischargeStartTick            0x20000008   Data           4  gpio.o(.data)
    battery2PreDischargeStartTick            0x2000000c   Data           4  gpio.o(.data)
    rechargeCurrentOnlyMode                  0x20000010   Data           1  gpio.o(.data)
    chargeCurrentOnlyMode                    0x20000011   Data           1  gpio.o(.data)
    chargeReplyBatteryIndex                  0x20000012   Data           1  gpio.o(.data)
    chargeReplyLastTxTick                    0x20000014   Data           4  gpio.o(.data)
    lastRawState                             0x20000022   Data           1  gpio.o(.data)
    debouncedState                           0x20000023   Data           1  gpio.o(.data)
    lastChangeTick                           0x20000024   Data           4  gpio.o(.data)
    .data                                    0x20000028   Section       52  adc.o(.data)
    legCurrentOffsetRaw                      0x20000044   Data           8  adc.o(.data)
    peripheralDischargeCurrentOffsetRaw      0x2000004c   Data           2  adc.o(.data)
    legCurrentFilterInitialized              0x2000004e   Data           1  adc.o(.data)
    peripheralDischargeCurrentFilterInitialized 0x2000004f   Data           1  adc.o(.data)
    battery1VoltageSampleIndex               0x20000050   Data           1  adc.o(.data)
    battery2VoltageSampleIndex               0x20000051   Data           1  adc.o(.data)
    battery1CurrentSampleIndex               0x20000052   Data           1  adc.o(.data)
    battery2CurrentSampleIndex               0x20000053   Data           1  adc.o(.data)
    battery1VoltageSampleCount               0x20000054   Data           1  adc.o(.data)
    battery2VoltageSampleCount               0x20000055   Data           1  adc.o(.data)
    battery1CurrentSampleCount               0x20000056   Data           1  adc.o(.data)
    battery2CurrentSampleCount               0x20000057   Data           1  adc.o(.data)
    HAL_RCC_ADC12_CLK_ENABLED                0x20000058   Data           4  adc.o(.data)
    .data                                    0x2000005c   Section       80  fdcan.o(.data)
    batteryCanStarted                        0x2000005c   Data           1  fdcan.o(.data)
    batteryCanLastTxTick                     0x20000060   Data           4  fdcan.o(.data)
    currentReportLastTxTick                  0x20000064   Data           4  fdcan.o(.data)
    estopReportLastTxTick                    0x20000068   Data           4  fdcan.o(.data)
    rkChargeModeRequest                      0x2000006c   Data           1  fdcan.o(.data)
    chargeModeActive                         0x2000006d   Data           1  fdcan.o(.data)
    HAL_RCC_FDCAN_CLK_ENABLED                0x200000a8   Data           4  fdcan.o(.data)
    .data                                    0x200000ac   Section       12  stm32g4xx_hal.o(.data)
    .data                                    0x200000b8   Section        4  system_stm32g4xx.o(.data)
    .bss                                     0x200000bc   Section      516  adc.o(.bss)
    battery1VoltageSamples                   0x200000d8   Data          20  adc.o(.bss)
    battery2VoltageSamples                   0x200000ec   Data          20  adc.o(.bss)
    battery1CurrentSamples                   0x20000100   Data          20  adc.o(.bss)
    battery2CurrentSamples                   0x20000114   Data          20  adc.o(.bss)
    .bss                                     0x200002c0   Section      420  fdcan.o(.bss)
    batteryChargeReplyFrames                 0x200002c0   Data         120  fdcan.o(.bss)
    .bss                                     0x20000464   Section       84  i2c.o(.bss)
    .bss                                     0x200004b8   Section      148  usart.o(.bss)
    .bss                                     0x2000054c   Section       96  libspace.o(.bss)
    HEAP                                     0x200005b0   Section      512  startup_stm32g474xx.o(HEAP)
    Heap_Mem                                 0x200005b0   Data         512  startup_stm32g474xx.o(HEAP)
    STACK                                    0x200007b0   Section     1024  startup_stm32g474xx.o(STACK)
    Stack_Mem                                0x200007b0   Data        1024  startup_stm32g474xx.o(STACK)
    __initial_sp                             0x20000bb0   Data           0  startup_stm32g474xx.o(STACK)

    Global Symbols

    Symbol Name                              Value     Ov Type        Size  Object(Section)

    BuildAttributes$$THM_ISAv4$E$P$D$K$B$S$7EM$VFPi3$EXTD16$VFPS$VFMA$PE$A:L22UL41UL21$X:L11$S22US41US21$IEEE1$IW$USESV6$~STKCKD$USESV7$~SHL$OSPACE$ROPI$EBA8$UX$STANDARDLIB$REQ8$PRES8$EABIv2 0x00000000   Number         0  anon$$obj.o ABSOLUTE
    __ARM_use_no_argv                        0x00000000   Number         0  main.o ABSOLUTE
    __ARM_exceptions_init                     - Undefined Weak Reference
    __alloca_initialize                       - Undefined Weak Reference
    __arm_fini_                               - Undefined Weak Reference
    __arm_preinit_                            - Undefined Weak Reference
    __cpp_initialize__aeabi_                  - Undefined Weak Reference
    __cxa_finalize                            - Undefined Weak Reference
    __rt_locale                               - Undefined Weak Reference
    __sigvec_lookup                           - Undefined Weak Reference
    _atexit_init                              - Undefined Weak Reference
    _call_atexit_fns                          - Undefined Weak Reference
    _clock_init                               - Undefined Weak Reference
    _fp_trap_init                             - Undefined Weak Reference
    _fp_trap_shutdown                         - Undefined Weak Reference
    _get_lc_collate                           - Undefined Weak Reference
    _get_lc_ctype                             - Undefined Weak Reference
    _get_lc_monetary                          - Undefined Weak Reference
    _get_lc_numeric                           - Undefined Weak Reference
    _get_lc_time                              - Undefined Weak Reference
    _getenv_init                              - Undefined Weak Reference
    _handle_redirection                       - Undefined Weak Reference
    _init_alloc                               - Undefined Weak Reference
    _init_user_alloc                          - Undefined Weak Reference
    _initio                                   - Undefined Weak Reference
    _rand_init                                - Undefined Weak Reference
    _signal_finish                            - Undefined Weak Reference
    _signal_init                              - Undefined Weak Reference
    _terminate_alloc                          - Undefined Weak Reference
    _terminate_user_alloc                     - Undefined Weak Reference
    _terminateio                              - Undefined Weak Reference
    __Vectors_Size                           0x000001d8   Number         0  startup_stm32g474xx.o ABSOLUTE
    __Vectors                                0x08000000   Data           4  startup_stm32g474xx.o(RESET)
    __Vectors_End                            0x080001d8   Data           0  startup_stm32g474xx.o(RESET)
    __main                                   0x080001d9   Thumb Code     8  __main.o(!!!main)
    __scatterload                            0x080001e1   Thumb Code     0  __scatter.o(!!!scatter)
    __scatterload_rt2                        0x080001e1   Thumb Code    44  __scatter.o(!!!scatter)
    __scatterload_rt2_thumb_only             0x080001e1   Thumb Code     0  __scatter.o(!!!scatter)
    __scatterload_null                       0x080001ef   Thumb Code     0  __scatter.o(!!!scatter)
    __scatterload_copy                       0x08000215   Thumb Code    26  __scatter_copy.o(!!handler_copy)
    __scatterload_zeroinit                   0x08000231   Thumb Code    28  __scatter_zi.o(!!handler_zi)
    __rt_lib_init                            0x0800024d   Thumb Code     0  libinit.o(.ARM.Collect$$libinit$$00000000)
    __rt_lib_init_fp_1                       0x0800024f   Thumb Code     0  libinit2.o(.ARM.Collect$$libinit$$00000001)
    __rt_lib_init_alloca_1                   0x08000253   Thumb Code     0  libinit2.o(.ARM.Collect$$libinit$$0000002E)
    __rt_lib_init_argv_1                     0x08000253   Thumb Code     0  libinit2.o(.ARM.Collect$$libinit$$0000002C)
    __rt_lib_init_atexit_1                   0x08000253   Thumb Code     0  libinit2.o(.ARM.Collect$$libinit$$0000001B)
    __rt_lib_init_clock_1                    0x08000253   Thumb Code     0  libinit2.o(.ARM.Collect$$libinit$$00000021)
    __rt_lib_init_cpp_1                      0x08000253   Thumb Code     0  libinit2.o(.ARM.Collect$$libinit$$00000032)
    __rt_lib_init_exceptions_1               0x08000253   Thumb Code     0  libinit2.o(.ARM.Collect$$libinit$$00000030)
    __rt_lib_init_fp_trap_1                  0x08000253   Thumb Code     0  libinit2.o(.ARM.Collect$$libinit$$0000001F)
    __rt_lib_init_getenv_1                   0x08000253   Thumb Code     0  libinit2.o(.ARM.Collect$$libinit$$00000023)
    __rt_lib_init_heap_1                     0x08000253   Thumb Code     0  libinit2.o(.ARM.Collect$$libinit$$0000000A)
    __rt_lib_init_lc_collate_1               0x08000253   Thumb Code     0  libinit2.o(.ARM.Collect$$libinit$$00000011)
    __rt_lib_init_lc_ctype_1                 0x08000253   Thumb Code     0  libinit2.o(.ARM.Collect$$libinit$$00000013)
    __rt_lib_init_lc_monetary_1              0x08000253   Thumb Code     0  libinit2.o(.ARM.Collect$$libinit$$00000015)
    __rt_lib_init_lc_numeric_1               0x08000253   Thumb Code     0  libinit2.o(.ARM.Collect$$libinit$$00000017)
    __rt_lib_init_lc_time_1                  0x08000253   Thumb Code     0  libinit2.o(.ARM.Collect$$libinit$$00000019)
    __rt_lib_init_preinit_1                  0x08000253   Thumb Code     0  libinit2.o(.ARM.Collect$$libinit$$00000004)
    __rt_lib_init_rand_1                     0x08000253   Thumb Code     0  libinit2.o(.ARM.Collect$$libinit$$0000000E)
    __rt_lib_init_return                     0x08000253   Thumb Code     0  libinit2.o(.ARM.Collect$$libinit$$00000033)
    __rt_lib_init_signal_1                   0x08000253   Thumb Code     0  libinit2.o(.ARM.Collect$$libinit$$0000001D)
    __rt_lib_init_stdio_1                    0x08000253   Thumb Code     0  libinit2.o(.ARM.Collect$$libinit$$00000025)
    __rt_lib_init_user_alloc_1               0x08000253   Thumb Code     0  libinit2.o(.ARM.Collect$$libinit$$0000000C)
    __rt_lib_shutdown                        0x08000255   Thumb Code     0  libshutdown.o(.ARM.Collect$$libshutdown$$00000000)
    __rt_lib_shutdown_cpp_1                  0x08000257   Thumb Code     0  libshutdown2.o(.ARM.Collect$$libshutdown$$00000004)
    __rt_lib_shutdown_fini_1                 0x08000257   Thumb Code     0  libshutdown2.o(.ARM.Collect$$libshutdown$$00000002)
    __rt_lib_shutdown_fp_trap_1              0x08000257   Thumb Code     0  libshutdown2.o(.ARM.Collect$$libshutdown$$00000009)
    __rt_lib_shutdown_heap_1                 0x08000257   Thumb Code     0  libshutdown2.o(.ARM.Collect$$libshutdown$$00000011)
    __rt_lib_shutdown_return                 0x08000257   Thumb Code     0  libshutdown2.o(.ARM.Collect$$libshutdown$$00000012)
    __rt_lib_shutdown_signal_1               0x08000257   Thumb Code     0  libshutdown2.o(.ARM.Collect$$libshutdown$$0000000C)
    __rt_lib_shutdown_stdio_1                0x08000257   Thumb Code     0  libshutdown2.o(.ARM.Collect$$libshutdown$$00000006)
    __rt_lib_shutdown_user_alloc_1           0x08000257   Thumb Code     0  libshutdown2.o(.ARM.Collect$$libshutdown$$0000000E)
    __rt_entry                               0x08000259   Thumb Code     0  __rtentry.o(.ARM.Collect$$rtentry$$00000000)
    __rt_entry_presh_1                       0x08000259   Thumb Code     0  __rtentry2.o(.ARM.Collect$$rtentry$$00000002)
    __rt_entry_sh                            0x08000259   Thumb Code     0  __rtentry4.o(.ARM.Collect$$rtentry$$00000004)
    __rt_entry_li                            0x0800025f   Thumb Code     0  __rtentry2.o(.ARM.Collect$$rtentry$$0000000A)
    __rt_entry_postsh_1                      0x0800025f   Thumb Code     0  __rtentry2.o(.ARM.Collect$$rtentry$$00000009)
    __rt_entry_main                          0x08000263   Thumb Code     0  __rtentry2.o(.ARM.Collect$$rtentry$$0000000D)
    __rt_entry_postli_1                      0x08000263   Thumb Code     0  __rtentry2.o(.ARM.Collect$$rtentry$$0000000C)
    __rt_exit                                0x0800026b   Thumb Code     0  rtexit.o(.ARM.Collect$$rtexit$$00000000)
    __rt_exit_ls                             0x0800026d   Thumb Code     0  rtexit2.o(.ARM.Collect$$rtexit$$00000003)
    __rt_exit_prels_1                        0x0800026d   Thumb Code     0  rtexit2.o(.ARM.Collect$$rtexit$$00000002)
    __rt_exit_exit                           0x08000271   Thumb Code     0  rtexit2.o(.ARM.Collect$$rtexit$$00000004)
    Reset_Handler                            0x08000279   Thumb Code     8  startup_stm32g474xx.o(.text)
    ADC1_2_IRQHandler                        0x08000293   Thumb Code     0  startup_stm32g474xx.o(.text)
    ADC3_IRQHandler                          0x08000293   Thumb Code     0  startup_stm32g474xx.o(.text)
    ADC4_IRQHandler                          0x08000293   Thumb Code     0  startup_stm32g474xx.o(.text)
    ADC5_IRQHandler                          0x08000293   Thumb Code     0  startup_stm32g474xx.o(.text)
    COMP1_2_3_IRQHandler                     0x08000293   Thumb Code     0  startup_stm32g474xx.o(.text)
    COMP4_5_6_IRQHandler                     0x08000293   Thumb Code     0  startup_stm32g474xx.o(.text)
    COMP7_IRQHandler                         0x08000293   Thumb Code     0  startup_stm32g474xx.o(.text)
    CORDIC_IRQHandler                        0x08000293   Thumb Code     0  startup_stm32g474xx.o(.text)
    CRS_IRQHandler                           0x08000293   Thumb Code     0  startup_stm32g474xx.o(.text)
    DMA1_Channel3_IRQHandler                 0x08000293   Thumb Code     0  startup_stm32g474xx.o(.text)
    DMA1_Channel4_IRQHandler                 0x08000293   Thumb Code     0  startup_stm32g474xx.o(.text)
    DMA1_Channel5_IRQHandler                 0x08000293   Thumb Code     0  startup_stm32g474xx.o(.text)
    DMA1_Channel6_IRQHandler                 0x08000293   Thumb Code     0  startup_stm32g474xx.o(.text)
    DMA1_Channel7_IRQHandler                 0x08000293   Thumb Code     0  startup_stm32g474xx.o(.text)
    DMA1_Channel8_IRQHandler                 0x08000293   Thumb Code     0  startup_stm32g474xx.o(.text)
    DMA2_Channel1_IRQHandler                 0x08000293   Thumb Code     0  startup_stm32g474xx.o(.text)
    DMA2_Channel2_IRQHandler                 0x08000293   Thumb Code     0  startup_stm32g474xx.o(.text)
    DMA2_Channel3_IRQHandler                 0x08000293   Thumb Code     0  startup_stm32g474xx.o(.text)
    DMA2_Channel4_IRQHandler                 0x08000293   Thumb Code     0  startup_stm32g474xx.o(.text)
    DMA2_Channel5_IRQHandler                 0x08000293   Thumb Code     0  startup_stm32g474xx.o(.text)
    DMA2_Channel6_IRQHandler                 0x08000293   Thumb Code     0  startup_stm32g474xx.o(.text)
    DMA2_Channel7_IRQHandler                 0x08000293   Thumb Code     0  startup_stm32g474xx.o(.text)
    DMA2_Channel8_IRQHandler                 0x08000293   Thumb Code     0  startup_stm32g474xx.o(.text)
    DMAMUX_OVR_IRQHandler                    0x08000293   Thumb Code     0  startup_stm32g474xx.o(.text)
    EXTI0_IRQHandler                         0x08000293   Thumb Code     0  startup_stm32g474xx.o(.text)
    EXTI15_10_IRQHandler                     0x08000293   Thumb Code     0  startup_stm32g474xx.o(.text)
    EXTI1_IRQHandler                         0x08000293   Thumb Code     0  startup_stm32g474xx.o(.text)
    EXTI2_IRQHandler                         0x08000293   Thumb Code     0  startup_stm32g474xx.o(.text)
    EXTI3_IRQHandler                         0x08000293   Thumb Code     0  startup_stm32g474xx.o(.text)
    EXTI4_IRQHandler                         0x08000293   Thumb Code     0  startup_stm32g474xx.o(.text)
    EXTI9_5_IRQHandler                       0x08000293   Thumb Code     0  startup_stm32g474xx.o(.text)
    FLASH_IRQHandler                         0x08000293   Thumb Code     0  startup_stm32g474xx.o(.text)
    FMAC_IRQHandler                          0x08000293   Thumb Code     0  startup_stm32g474xx.o(.text)
    FMC_IRQHandler                           0x08000293   Thumb Code     0  startup_stm32g474xx.o(.text)
    FPU_IRQHandler                           0x08000293   Thumb Code     0  startup_stm32g474xx.o(.text)
    HRTIM1_FLT_IRQHandler                    0x08000293   Thumb Code     0  startup_stm32g474xx.o(.text)
    HRTIM1_Master_IRQHandler                 0x08000293   Thumb Code     0  startup_stm32g474xx.o(.text)
    HRTIM1_TIMA_IRQHandler                   0x08000293   Thumb Code     0  startup_stm32g474xx.o(.text)
    HRTIM1_TIMB_IRQHandler                   0x08000293   Thumb Code     0  startup_stm32g474xx.o(.text)
    HRTIM1_TIMC_IRQHandler                   0x08000293   Thumb Code     0  startup_stm32g474xx.o(.text)
    HRTIM1_TIMD_IRQHandler                   0x08000293   Thumb Code     0  startup_stm32g474xx.o(.text)
    HRTIM1_TIME_IRQHandler                   0x08000293   Thumb Code     0  startup_stm32g474xx.o(.text)
    HRTIM1_TIMF_IRQHandler                   0x08000293   Thumb Code     0  startup_stm32g474xx.o(.text)
    I2C1_ER_IRQHandler                       0x08000293   Thumb Code     0  startup_stm32g474xx.o(.text)
    I2C1_EV_IRQHandler                       0x08000293   Thumb Code     0  startup_stm32g474xx.o(.text)
    I2C2_ER_IRQHandler                       0x08000293   Thumb Code     0  startup_stm32g474xx.o(.text)
    I2C2_EV_IRQHandler                       0x08000293   Thumb Code     0  startup_stm32g474xx.o(.text)
    I2C3_ER_IRQHandler                       0x08000293   Thumb Code     0  startup_stm32g474xx.o(.text)
    I2C3_EV_IRQHandler                       0x08000293   Thumb Code     0  startup_stm32g474xx.o(.text)
    I2C4_ER_IRQHandler                       0x08000293   Thumb Code     0  startup_stm32g474xx.o(.text)
    I2C4_EV_IRQHandler                       0x08000293   Thumb Code     0  startup_stm32g474xx.o(.text)
    LPTIM1_IRQHandler                        0x08000293   Thumb Code     0  startup_stm32g474xx.o(.text)
    LPUART1_IRQHandler                       0x08000293   Thumb Code     0  startup_stm32g474xx.o(.text)
    PVD_PVM_IRQHandler                       0x08000293   Thumb Code     0  startup_stm32g474xx.o(.text)
    QUADSPI_IRQHandler                       0x08000293   Thumb Code     0  startup_stm32g474xx.o(.text)
    RCC_IRQHandler                           0x08000293   Thumb Code     0  startup_stm32g474xx.o(.text)
    RNG_IRQHandler                           0x08000293   Thumb Code     0  startup_stm32g474xx.o(.text)
    RTC_Alarm_IRQHandler                     0x08000293   Thumb Code     0  startup_stm32g474xx.o(.text)
    RTC_TAMP_LSECSS_IRQHandler               0x08000293   Thumb Code     0  startup_stm32g474xx.o(.text)
    RTC_WKUP_IRQHandler                      0x08000293   Thumb Code     0  startup_stm32g474xx.o(.text)
    SAI1_IRQHandler                          0x08000293   Thumb Code     0  startup_stm32g474xx.o(.text)
    SPI1_IRQHandler                          0x08000293   Thumb Code     0  startup_stm32g474xx.o(.text)
    SPI2_IRQHandler                          0x08000293   Thumb Code     0  startup_stm32g474xx.o(.text)
    SPI3_IRQHandler                          0x08000293   Thumb Code     0  startup_stm32g474xx.o(.text)
    SPI4_IRQHandler                          0x08000293   Thumb Code     0  startup_stm32g474xx.o(.text)
    TIM1_BRK_TIM15_IRQHandler                0x08000293   Thumb Code     0  startup_stm32g474xx.o(.text)
    TIM1_CC_IRQHandler                       0x08000293   Thumb Code     0  startup_stm32g474xx.o(.text)
    TIM1_TRG_COM_TIM17_IRQHandler            0x08000293   Thumb Code     0  startup_stm32g474xx.o(.text)
    TIM1_UP_TIM16_IRQHandler                 0x08000293   Thumb Code     0  startup_stm32g474xx.o(.text)
    TIM20_BRK_IRQHandler                     0x08000293   Thumb Code     0  startup_stm32g474xx.o(.text)
    TIM20_CC_IRQHandler                      0x08000293   Thumb Code     0  startup_stm32g474xx.o(.text)
    TIM20_TRG_COM_IRQHandler                 0x08000293   Thumb Code     0  startup_stm32g474xx.o(.text)
    TIM20_UP_IRQHandler                      0x08000293   Thumb Code     0  startup_stm32g474xx.o(.text)
    TIM2_IRQHandler                          0x08000293   Thumb Code     0  startup_stm32g474xx.o(.text)
    TIM3_IRQHandler                          0x08000293   Thumb Code     0  startup_stm32g474xx.o(.text)
    TIM4_IRQHandler                          0x08000293   Thumb Code     0  startup_stm32g474xx.o(.text)
    TIM5_IRQHandler                          0x08000293   Thumb Code     0  startup_stm32g474xx.o(.text)
    TIM6_DAC_IRQHandler                      0x08000293   Thumb Code     0  startup_stm32g474xx.o(.text)
    TIM7_DAC_IRQHandler                      0x08000293   Thumb Code     0  startup_stm32g474xx.o(.text)
    TIM8_BRK_IRQHandler                      0x08000293   Thumb Code     0  startup_stm32g474xx.o(.text)
    TIM8_CC_IRQHandler                       0x08000293   Thumb Code     0  startup_stm32g474xx.o(.text)
    TIM8_TRG_COM_IRQHandler                  0x08000293   Thumb Code     0  startup_stm32g474xx.o(.text)
    TIM8_UP_IRQHandler                       0x08000293   Thumb Code     0  startup_stm32g474xx.o(.text)
    UART4_IRQHandler                         0x08000293   Thumb Code     0  startup_stm32g474xx.o(.text)
    UART5_IRQHandler                         0x08000293   Thumb Code     0  startup_stm32g474xx.o(.text)
    UCPD1_IRQHandler                         0x08000293   Thumb Code     0  startup_stm32g474xx.o(.text)
    USART1_IRQHandler                        0x08000293   Thumb Code     0  startup_stm32g474xx.o(.text)
    USART2_IRQHandler                        0x08000293   Thumb Code     0  startup_stm32g474xx.o(.text)
    USART3_IRQHandler                        0x08000293   Thumb Code     0  startup_stm32g474xx.o(.text)
    USBWakeUp_IRQHandler                     0x08000293   Thumb Code     0  startup_stm32g474xx.o(.text)
    USB_HP_IRQHandler                        0x08000293   Thumb Code     0  startup_stm32g474xx.o(.text)
    USB_LP_IRQHandler                        0x08000293   Thumb Code     0  startup_stm32g474xx.o(.text)
    WWDG_IRQHandler                          0x08000293   Thumb Code     0  startup_stm32g474xx.o(.text)
    __user_initial_stackheap                 0x08000295   Thumb Code     0  startup_stm32g474xx.o(.text)
    __aeabi_uldivmod                         0x080002b9   Thumb Code     0  lludivv7m.o(.text)
    _ll_udiv                                 0x080002b9   Thumb Code   238  lludivv7m.o(.text)
    __aeabi_memclr4                          0x080003a7   Thumb Code     0  rt_memclr_w.o(.text)
    __aeabi_memclr8                          0x080003a7   Thumb Code     0  rt_memclr_w.o(.text)
    __rt_memclr_w                            0x080003a7   Thumb Code    78  rt_memclr_w.o(.text)
    _memset_w                                0x080003ab   Thumb Code     0  rt_memclr_w.o(.text)
    __use_two_region_memory                  0x080003f5   Thumb Code     2  heapauxi.o(.text)
    __rt_heap_escrow$2region                 0x080003f7   Thumb Code     2  heapauxi.o(.text)
    __rt_heap_expand$2region                 0x080003f9   Thumb Code     2  heapauxi.o(.text)
    __user_setup_stackheap                   0x080003fb   Thumb Code    74  sys_stackheap_outer.o(.text)
    exit                                     0x08000445   Thumb Code    18  exit.o(.text)
    __user_libspace                          0x08000459   Thumb Code     8  libspace.o(.text)
    __user_perproc_libspace                  0x08000459   Thumb Code     0  libspace.o(.text)
    __user_perthread_libspace                0x08000459   Thumb Code     0  libspace.o(.text)
    _sys_exit                                0x08000461   Thumb Code     8  sys_exit.o(.text)
    __I$use$semihosting                      0x0800046d   Thumb Code     0  use_no_semi.o(.text)
    __use_no_semihosting_swi                 0x0800046d   Thumb Code     2  use_no_semi.o(.text)
    __semihosting_library_function           0x0800046f   Thumb Code     0  indicate_semi.o(.text)
    ADC1_StartDMA                            0x08000471   Thumb Code    14  adc.o(i.ADC1_StartDMA)
    ADC2_StartDMA                            0x08000489   Thumb Code    14  adc.o(i.ADC2_StartDMA)
    ADC_CalibrateLegCurrentOffsets           0x080004a1   Thumb Code   160  adc.o(i.ADC_CalibrateLegCurrentOffsets)
    ADC_DMAConvCplt                          0x0800057d   Thumb Code   146  stm32g4xx_hal_adc.o(i.ADC_DMAConvCplt)
    ADC_DMAError                             0x0800060f   Thumb Code    30  stm32g4xx_hal_adc.o(i.ADC_DMAError)
    ADC_DMAHalfConvCplt                      0x0800062d   Thumb Code    14  stm32g4xx_hal_adc.o(i.ADC_DMAHalfConvCplt)
    ADC_Enable                               0x0800063d   Thumb Code   200  stm32g4xx_hal_adc.o(i.ADC_Enable)
    ADC_GetLeg1Current                       0x0800071d   Thumb Code     8  adc.o(i.ADC_GetLeg1Current)
    ADC_GetLeg2Current                       0x08000729   Thumb Code     8  adc.o(i.ADC_GetLeg2Current)
    ADC_GetLeg3Current                       0x08000735   Thumb Code     8  adc.o(i.ADC_GetLeg3Current)
    ADC_GetLeg4Current                       0x08000741   Thumb Code     8  adc.o(i.ADC_GetLeg4Current)
    ADC_GetPeripheralDischargeCurrent        0x0800074d   Thumb Code     8  adc.o(i.ADC_GetPeripheralDischargeCurrent)
    ADC_UpdateCurrents                       0x080008b9   Thumb Code   358  adc.o(i.ADC_UpdateCurrents)
    BusFault_Handler                         0x08000a5d   Thumb Code     4  stm32g4xx_it.o(i.BusFault_Handler)
    DMA1_Channel1_IRQHandler                 0x08000a61   Thumb Code    10  stm32g4xx_it.o(i.DMA1_Channel1_IRQHandler)
    DMA1_Channel2_IRQHandler                 0x08000a71   Thumb Code    10  stm32g4xx_it.o(i.DMA1_Channel2_IRQHandler)
    DebugMon_Handler                         0x08000b39   Thumb Code     2  stm32g4xx_it.o(i.DebugMon_Handler)
    Error_Handler                            0x08000b3b   Thumb Code     6  main.o(i.Error_Handler)
    FDCAN1_IT0_IRQHandler                    0x08000b41   Thumb Code    10  stm32g4xx_it.o(i.FDCAN1_IT0_IRQHandler)
    FDCAN1_IT1_IRQHandler                    0x08000b51   Thumb Code    10  stm32g4xx_it.o(i.FDCAN1_IT1_IRQHandler)
    FDCAN2_IT0_IRQHandler                    0x08000b61   Thumb Code    10  stm32g4xx_it.o(i.FDCAN2_IT0_IRQHandler)
    FDCAN2_IT1_IRQHandler                    0x08000b71   Thumb Code    10  stm32g4xx_it.o(i.FDCAN2_IT1_IRQHandler)
    FDCAN3_IT0_IRQHandler                    0x08000b81   Thumb Code    10  stm32g4xx_it.o(i.FDCAN3_IT0_IRQHandler)
    FDCAN3_IT1_IRQHandler                    0x08000b91   Thumb Code    10  stm32g4xx_it.o(i.FDCAN3_IT1_IRQHandler)
    FDCAN_BatteryCanStart                    0x08000ba1   Thumb Code   100  fdcan.o(i.FDCAN_BatteryCanStart)
    FDCAN_BatteryCanTask                     0x08000c21   Thumb Code   114  fdcan.o(i.FDCAN_BatteryCanTask)
    FDCAN_SendChargeReplyToCan2              0x08001399   Thumb Code   162  fdcan.o(i.FDCAN_SendChargeReplyToCan2)
    HAL_ADCEx_MultiModeConfigChannel         0x08001551   Thumb Code   414  stm32g4xx_hal_adc_ex.o(i.HAL_ADCEx_MultiModeConfigChannel)
    HAL_ADC_ConfigChannel                    0x08001709   Thumb Code  1348  stm32g4xx_hal_adc.o(i.HAL_ADC_ConfigChannel)
    HAL_ADC_ConvCpltCallback                 0x08001c7d   Thumb Code     2  stm32g4xx_hal_adc.o(i.HAL_ADC_ConvCpltCallback)
    HAL_ADC_ConvHalfCpltCallback             0x08001c7f   Thumb Code     2  stm32g4xx_hal_adc.o(i.HAL_ADC_ConvHalfCpltCallback)
    HAL_ADC_ErrorCallback                    0x08001c81   Thumb Code     2  stm32g4xx_hal_adc.o(i.HAL_ADC_ErrorCallback)
    HAL_ADC_Init                             0x08001c85   Thumb Code   652  stm32g4xx_hal_adc.o(i.HAL_ADC_Init)
    HAL_ADC_MspInit                          0x08001f3d   Thumb Code   584  adc.o(i.HAL_ADC_MspInit)
    HAL_ADC_Start_DMA                        0x080021a5   Thumb Code   306  stm32g4xx_hal_adc.o(i.HAL_ADC_Start_DMA)
    HAL_DMA_IRQHandler                       0x080022fd   Thumb Code   254  stm32g4xx_hal_dma.o(i.HAL_DMA_IRQHandler)
    HAL_DMA_Init                             0x080023fd   Thumb Code   204  stm32g4xx_hal_dma.o(i.HAL_DMA_Init)
    HAL_DMA_Start_IT                         0x080024d1   Thumb Code   194  stm32g4xx_hal_dma.o(i.HAL_DMA_Start_IT)
    HAL_Delay                                0x08002595   Thumb Code    36  stm32g4xx_hal.o(i.HAL_Delay)
    HAL_FDCAN_AddMessageToTxFifoQ            0x080025bd   Thumb Code   106  stm32g4xx_hal_fdcan.o(i.HAL_FDCAN_AddMessageToTxFifoQ)
    HAL_FDCAN_ConfigFilter                   0x08002627   Thumb Code   100  stm32g4xx_hal_fdcan.o(i.HAL_FDCAN_ConfigFilter)
    HAL_FDCAN_ErrorCallback                  0x0800268b   Thumb Code     2  stm32g4xx_hal_fdcan.o(i.HAL_FDCAN_ErrorCallback)
    HAL_FDCAN_ErrorStatusCallback            0x0800268d   Thumb Code     2  stm32g4xx_hal_fdcan.o(i.HAL_FDCAN_ErrorStatusCallback)
    HAL_FDCAN_GetRxFifoFillLevel             0x0800268f   Thumb Code    30  stm32g4xx_hal_fdcan.o(i.HAL_FDCAN_GetRxFifoFillLevel)
    HAL_FDCAN_GetRxMessage                   0x080026ad   Thumb Code   336  stm32g4xx_hal_fdcan.o(i.HAL_FDCAN_GetRxMessage)
    HAL_FDCAN_GetTxFifoFreeLevel             0x08002801   Thumb Code    14  stm32g4xx_hal_fdcan.o(i.HAL_FDCAN_GetTxFifoFreeLevel)
    HAL_FDCAN_HighPriorityMessageCallback    0x0800280f   Thumb Code     2  stm32g4xx_hal_fdcan.o(i.HAL_FDCAN_HighPriorityMessageCallback)
    HAL_FDCAN_IRQHandler                     0x08002811   Thumb Code   424  stm32g4xx_hal_fdcan.o(i.HAL_FDCAN_IRQHandler)
    HAL_FDCAN_Init                           0x080029b9   Thumb Code   526  stm32g4xx_hal_fdcan.o(i.HAL_FDCAN_Init)
    HAL_FDCAN_MspInit                        0x08002bd1   Thumb Code   568  fdcan.o(i.HAL_FDCAN_MspInit)
    HAL_FDCAN_RxFifo0Callback                0x08002e21   Thumb Code     2  stm32g4xx_hal_fdcan.o(i.HAL_FDCAN_RxFifo0Callback)
    HAL_FDCAN_RxFifo1Callback                0x08002e23   Thumb Code     2  stm32g4xx_hal_fdcan.o(i.HAL_FDCAN_RxFifo1Callback)
    HAL_FDCAN_Start                          0x08002e25   Thumb Code    46  stm32g4xx_hal_fdcan.o(i.HAL_FDCAN_Start)
    HAL_FDCAN_TimeoutOccurredCallback        0x08002e53   Thumb Code     2  stm32g4xx_hal_fdcan.o(i.HAL_FDCAN_TimeoutOccurredCallback)
    HAL_FDCAN_TimestampWraparoundCallback    0x08002e55   Thumb Code     2  stm32g4xx_hal_fdcan.o(i.HAL_FDCAN_TimestampWraparoundCallback)
    HAL_FDCAN_TxBufferAbortCallback          0x08002e57   Thumb Code     2  stm32g4xx_hal_fdcan.o(i.HAL_FDCAN_TxBufferAbortCallback)
    HAL_FDCAN_TxBufferCompleteCallback       0x08002e59   Thumb Code     2  stm32g4xx_hal_fdcan.o(i.HAL_FDCAN_TxBufferCompleteCallback)
    HAL_FDCAN_TxEventFifoCallback            0x08002e5b   Thumb Code     2  stm32g4xx_hal_fdcan.o(i.HAL_FDCAN_TxEventFifoCallback)
    HAL_FDCAN_TxFifoEmptyCallback            0x08002e5d   Thumb Code     2  stm32g4xx_hal_fdcan.o(i.HAL_FDCAN_TxFifoEmptyCallback)
    HAL_GPIO_Init                            0x08002e61   Thumb Code   442  stm32g4xx_hal_gpio.o(i.HAL_GPIO_Init)
    HAL_GPIO_ReadPin                         0x0800303d   Thumb Code    16  stm32g4xx_hal_gpio.o(i.HAL_GPIO_ReadPin)
    HAL_GPIO_WritePin                        0x0800304d   Thumb Code    10  stm32g4xx_hal_gpio.o(i.HAL_GPIO_WritePin)
    HAL_GetTick                              0x08003059   Thumb Code     6  stm32g4xx_hal.o(i.HAL_GetTick)
    HAL_I2CEx_ConfigAnalogFilter             0x08003065   Thumb Code   106  stm32g4xx_hal_i2c_ex.o(i.HAL_I2CEx_ConfigAnalogFilter)
    HAL_I2CEx_ConfigDigitalFilter            0x080030cf   Thumb Code   104  stm32g4xx_hal_i2c_ex.o(i.HAL_I2CEx_ConfigDigitalFilter)
    HAL_I2C_Init                             0x08003139   Thumb Code   212  stm32g4xx_hal_i2c.o(i.HAL_I2C_Init)
    HAL_I2C_MspInit                          0x08003211   Thumb Code   192  i2c.o(i.HAL_I2C_MspInit)
    HAL_IncTick                              0x080032dd   Thumb Code    16  stm32g4xx_hal.o(i.HAL_IncTick)
    HAL_Init                                 0x080032f5   Thumb Code    30  stm32g4xx_hal.o(i.HAL_Init)
    HAL_InitTick                             0x08003315   Thumb Code    74  stm32g4xx_hal.o(i.HAL_InitTick)
    HAL_MspInit                              0x0800336d   Thumb Code    84  stm32g4xx_hal_msp.o(i.HAL_MspInit)
    HAL_NVIC_EnableIRQ                       0x080033c5   Thumb Code    40  stm32g4xx_hal_cortex.o(i.HAL_NVIC_EnableIRQ)
    HAL_NVIC_SetPriority                     0x080033ed   Thumb Code   122  stm32g4xx_hal_cortex.o(i.HAL_NVIC_SetPriority)
    HAL_NVIC_SetPriorityGrouping             0x08003469   Thumb Code    32  stm32g4xx_hal_cortex.o(i.HAL_NVIC_SetPriorityGrouping)
    HAL_PWREx_ControlVoltageScaling          0x08003491   Thumb Code   268  stm32g4xx_hal_pwr_ex.o(i.HAL_PWREx_ControlVoltageScaling)
    HAL_PWREx_DisableUCPDDeadBattery         0x080035a9   Thumb Code    14  stm32g4xx_hal_pwr_ex.o(i.HAL_PWREx_DisableUCPDDeadBattery)
    HAL_PWR_ConfigPVD                        0x080035bd   Thumb Code   176  stm32g4xx_hal_pwr.o(i.HAL_PWR_ConfigPVD)
    HAL_PWR_EnablePVD                        0x08003675   Thumb Code    14  stm32g4xx_hal_pwr.o(i.HAL_PWR_EnablePVD)
    HAL_RCCEx_PeriphCLKConfig                0x08003689   Thumb Code  1048  stm32g4xx_hal_rcc_ex.o(i.HAL_RCCEx_PeriphCLKConfig)
    HAL_RCC_ClockConfig                      0x08003aa1   Thumb Code   522  stm32g4xx_hal_rcc.o(i.HAL_RCC_ClockConfig)
    HAL_RCC_GetHCLKFreq                      0x08003cc5   Thumb Code     6  stm32g4xx_hal_rcc.o(i.HAL_RCC_GetHCLKFreq)
    HAL_RCC_GetPCLK1Freq                     0x08003cd1   Thumb Code    26  stm32g4xx_hal_rcc.o(i.HAL_RCC_GetPCLK1Freq)
    HAL_RCC_GetPCLK2Freq                     0x08003cf5   Thumb Code    26  stm32g4xx_hal_rcc.o(i.HAL_RCC_GetPCLK2Freq)
    HAL_RCC_GetSysClockFreq                  0x08003d19   Thumb Code   138  stm32g4xx_hal_rcc.o(i.HAL_RCC_GetSysClockFreq)
    HAL_RCC_OscConfig                        0x08003db1   Thumb Code  1360  stm32g4xx_hal_rcc.o(i.HAL_RCC_OscConfig)
    HAL_RS485Ex_Init                         0x0800430d   Thumb Code   148  stm32g4xx_hal_uart_ex.o(i.HAL_RS485Ex_Init)
    HAL_SYSTICK_Config                       0x080043a5   Thumb Code    52  stm32g4xx_hal_cortex.o(i.HAL_SYSTICK_Config)
    HAL_UARTEx_DisableFifoMode               0x080043d9   Thumb Code    78  stm32g4xx_hal_uart_ex.o(i.HAL_UARTEx_DisableFifoMode)
    HAL_UARTEx_SetRxFifoThreshold            0x08004427   Thumb Code    94  stm32g4xx_hal_uart_ex.o(i.HAL_UARTEx_SetRxFifoThreshold)
    HAL_UARTEx_SetTxFifoThreshold            0x08004485   Thumb Code    94  stm32g4xx_hal_uart_ex.o(i.HAL_UARTEx_SetTxFifoThreshold)
    HAL_UART_MspInit                         0x080044e5   Thumb Code   188  usart.o(i.HAL_UART_MspInit)
    HardFault_Handler                        0x080045ad   Thumb Code     4  stm32g4xx_it.o(i.HardFault_Handler)
    MX_ADC1_Init                             0x0800469d   Thumb Code   270  adc.o(i.MX_ADC1_Init)
    MX_ADC2_Init                             0x080047c9   Thumb Code   194  adc.o(i.MX_ADC2_Init)
    MX_DMA_Init                              0x080048a5   Thumb Code    90  dma.o(i.MX_DMA_Init)
    MX_FDCAN1_Init                           0x08004905   Thumb Code    78  fdcan.o(i.MX_FDCAN1_Init)
    MX_FDCAN2_Init                           0x0800495d   Thumb Code    78  fdcan.o(i.MX_FDCAN2_Init)
    MX_FDCAN3_Init                           0x080049b5   Thumb Code    76  fdcan.o(i.MX_FDCAN3_Init)
    MX_GPIO_Init                             0x08004a09   Thumb Code   274  gpio.o(i.MX_GPIO_Init)
    MX_I2C1_Init                             0x08004b2d   Thumb Code    74  i2c.o(i.MX_I2C1_Init)
    MX_USART2_UART_Init                      0x08004b85   Thumb Code   104  usart.o(i.MX_USART2_UART_Init)
    MemManage_Handler                        0x08004bf5   Thumb Code     4  stm32g4xx_it.o(i.MemManage_Handler)
    NMI_Handler                              0x08004bf9   Thumb Code     4  stm32g4xx_it.o(i.NMI_Handler)
    PendSV_Handler                           0x08004bfd   Thumb Code     2  stm32g4xx_it.o(i.PendSV_Handler)
    Power_AllMosOff                          0x08004c01   Thumb Code   128  gpio.o(i.Power_AllMosOff)
    Power_EnterChargeMode                    0x08004e49   Thumb Code    78  gpio.o(i.Power_EnterChargeMode)
    Power_EnterDischargeMode                 0x08004eb5   Thumb Code    42  gpio.o(i.Power_EnterDischargeMode)
    Power_ExitChargeMode                     0x08004ef9   Thumb Code    64  gpio.o(i.Power_ExitChargeMode)
    Power_IsEmergencyStopActive              0x08005131   Thumb Code    62  gpio.o(i.Power_IsEmergencyStopActive)
    Power_ModeTask                           0x0800517d   Thumb Code   136  gpio.o(i.Power_ModeTask)
    Power_ReadEmergencyStop                  0x08005215   Thumb Code    12  gpio.o(i.Power_ReadEmergencyStop)
    Power_UpdateGpioDebugStates              0x08005519   Thumb Code   218  gpio.o(i.Power_UpdateGpioDebugStates)
    SVC_Handler                              0x080056cd   Thumb Code     2  stm32g4xx_it.o(i.SVC_Handler)
    SysTick_Handler                          0x080056cf   Thumb Code     8  stm32g4xx_it.o(i.SysTick_Handler)
    SystemClock_Config                       0x080056d7   Thumb Code   108  main.o(i.SystemClock_Config)
    SystemInit                               0x08005745   Thumb Code    14  system_stm32g4xx.o(i.SystemInit)
    UART_AdvFeatureConfig                    0x080057b1   Thumb Code   248  stm32g4xx_hal_uart.o(i.UART_AdvFeatureConfig)
    UART_CheckIdleState                      0x080058a9   Thumb Code   234  stm32g4xx_hal_uart.o(i.UART_CheckIdleState)
    UART_SetConfig                           0x08005a01   Thumb Code   922  stm32g4xx_hal_uart.o(i.UART_SetConfig)
    UART_WaitOnFlagUntilTimeout              0x08005dc9   Thumb Code   172  stm32g4xx_hal_uart.o(i.UART_WaitOnFlagUntilTimeout)
    UsageFault_Handler                       0x08005e75   Thumb Code     4  stm32g4xx_it.o(i.UsageFault_Handler)
    main                                     0x08005eb1   Thumb Code    98  main.o(i.main)
    _fp_init                                 0x08005f13   Thumb Code    10  fpinit.o(x$fpl$fpinit)
    __fplib_config_fpu_vfp                   0x08005f1b   Thumb Code     0  fpinit.o(x$fpl$fpinit)
    __fplib_config_pureend_doubles           0x08005f1b   Thumb Code     0  fpinit.o(x$fpl$fpinit)
    UARTPrescTable                           0x08005f48   Data          24  stm32g4xx_hal_uart.o(.constdata)
    AHBPrescTable                            0x08005f70   Data          16  system_stm32g4xx.o(.constdata)
    APBPrescTable                            0x08005f80   Data           8  system_stm32g4xx.o(.constdata)
    Region$$Table$$Base                      0x08005f88   Number         0  anon$$obj.o(Region$$Table)
    Region$$Table$$Limit                     0x08005fa8   Number         0  anon$$obj.o(Region$$Table)
    bat1_charge_mos_state                    0x20000018   Data           1  gpio.o(.data)
    bat1_discharge_mos_state                 0x20000019   Data           1  gpio.o(.data)
    bat1_recharge_mos_state                  0x2000001a   Data           1  gpio.o(.data)
    bat1_pre_discharge_mos_state             0x2000001b   Data           1  gpio.o(.data)
    bat2_charge_mos_state                    0x2000001c   Data           1  gpio.o(.data)
    bat2_discharge_mos_state                 0x2000001d   Data           1  gpio.o(.data)
    bat2_recharge_mos_state                  0x2000001e   Data           1  gpio.o(.data)
    bat2_pre_discharge_mos_state             0x2000001f   Data           1  gpio.o(.data)
    peripheral_power_state                   0x20000020   Data           1  gpio.o(.data)
    back_emf_absorb_state                    0x20000021   Data           1  gpio.o(.data)
    adc2_buffer                              0x20000028   Data           8  adc.o(.data)
    battery1_voltage                         0x20000030   Data           4  adc.o(.data)
    battery2_voltage                         0x20000034   Data           4  adc.o(.data)
    battery1_current                         0x20000038   Data           4  adc.o(.data)
    battery2_current                         0x2000003c   Data           4  adc.o(.data)
    peripheral_discharge_current             0x20000040   Data           4  adc.o(.data)
    battery1_can_sum_voltage                 0x20000070   Data           4  fdcan.o(.data)
    battery1_can_current                     0x20000074   Data           4  fdcan.o(.data)
    battery1_can_rx_count                    0x20000078   Data           4  fdcan.o(.data)
    battery1_can_status_last_rx_tick         0x2000007c   Data           4  fdcan.o(.data)
    battery1_can_charge_mos_state            0x20000080   Data           1  fdcan.o(.data)
    battery1_can_discharge_mos_state         0x20000081   Data           1  fdcan.o(.data)
    battery1_can_mos_rx_count                0x20000084   Data           4  fdcan.o(.data)
    battery1_can_mos_last_rx_tick            0x20000088   Data           4  fdcan.o(.data)
    battery2_can_sum_voltage                 0x2000008c   Data           4  fdcan.o(.data)
    battery2_can_current                     0x20000090   Data           4  fdcan.o(.data)
    battery2_can_rx_count                    0x20000094   Data           4  fdcan.o(.data)
    battery2_can_status_last_rx_tick         0x20000098   Data           4  fdcan.o(.data)
    battery2_can_charge_mos_state            0x2000009c   Data           1  fdcan.o(.data)
    battery2_can_discharge_mos_state         0x2000009d   Data           1  fdcan.o(.data)
    battery2_can_mos_rx_count                0x200000a0   Data           4  fdcan.o(.data)
    battery2_can_mos_last_rx_tick            0x200000a4   Data           4  fdcan.o(.data)
    uwTick                                   0x200000ac   Data           4  stm32g4xx_hal.o(.data)
    uwTickPrio                               0x200000b0   Data           4  stm32g4xx_hal.o(.data)
    uwTickFreq                               0x200000b4   Data           4  stm32g4xx_hal.o(.data)
    SystemCoreClock                          0x200000b8   Data           4  system_stm32g4xx.o(.data)
    adc1_buffer                              0x200000bc   Data          12  adc.o(.bss)
    leg_current                              0x200000c8   Data          16  adc.o(.bss)
    hadc1                                    0x20000128   Data         108  adc.o(.bss)
    hadc2                                    0x20000194   Data         108  adc.o(.bss)
    hdma_adc1                                0x20000200   Data          96  adc.o(.bss)
    hdma_adc2                                0x20000260   Data          96  adc.o(.bss)
    hfdcan1                                  0x20000338   Data         100  fdcan.o(.bss)
    hfdcan2                                  0x2000039c   Data         100  fdcan.o(.bss)
    hfdcan3                                  0x20000400   Data         100  fdcan.o(.bss)
    hi2c1                                    0x20000464   Data          84  i2c.o(.bss)
    huart2                                   0x200004b8   Data         148  usart.o(.bss)
    __libspace_start                         0x2000054c   Data          96  libspace.o(.bss)
    __temporary_stack_top$libspace           0x200005ac   Data           0  libspace.o(.bss)



==============================================================================

Memory Map of the image

  Image Entry point : 0x080001d9

  Load Region LR_IROM1 (Base: 0x08000000, Size: 0x00006064, Max: 0x00020000, ABSOLUTE)

    Execution Region ER_IROM1 (Exec base: 0x08000000, Load base: 0x08000000, Size: 0x00005fa8, Max: 0x00020000, ABSOLUTE)

    Exec Addr    Load Addr    Size         Type   Attr      Idx    E Section Name        Object

    0x08000000   0x08000000   0x000001d8   Data   RO            3    RESET               startup_stm32g474xx.o
    0x080001d8   0x080001d8   0x00000008   Code   RO         4629  * !!!main             c_w.l(__main.o)
    0x080001e0   0x080001e0   0x00000034   Code   RO         4798    !!!scatter          c_w.l(__scatter.o)
    0x08000214   0x08000214   0x0000001a   Code   RO         4800    !!handler_copy      c_w.l(__scatter_copy.o)
    0x0800022e   0x0800022e   0x00000002   PAD
    0x08000230   0x08000230   0x0000001c   Code   RO         4802    !!handler_zi        c_w.l(__scatter_zi.o)
    0x0800024c   0x0800024c   0x00000002   Code   RO         4666    .ARM.Collect$$libinit$$00000000  c_w.l(libinit.o)
    0x0800024e   0x0800024e   0x00000004   Code   RO         4678    .ARM.Collect$$libinit$$00000001  c_w.l(libinit2.o)
    0x08000252   0x08000252   0x00000000   Code   RO         4681    .ARM.Collect$$libinit$$00000004  c_w.l(libinit2.o)
    0x08000252   0x08000252   0x00000000   Code   RO         4684    .ARM.Collect$$libinit$$0000000A  c_w.l(libinit2.o)
    0x08000252   0x08000252   0x00000000   Code   RO         4686    .ARM.Collect$$libinit$$0000000C  c_w.l(libinit2.o)
    0x08000252   0x08000252   0x00000000   Code   RO         4688    .ARM.Collect$$libinit$$0000000E  c_w.l(libinit2.o)
    0x08000252   0x08000252   0x00000000   Code   RO         4691    .ARM.Collect$$libinit$$00000011  c_w.l(libinit2.o)
    0x08000252   0x08000252   0x00000000   Code   RO         4693    .ARM.Collect$$libinit$$00000013  c_w.l(libinit2.o)
    0x08000252   0x08000252   0x00000000   Code   RO         4695    .ARM.Collect$$libinit$$00000015  c_w.l(libinit2.o)
    0x08000252   0x08000252   0x00000000   Code   RO         4697    .ARM.Collect$$libinit$$00000017  c_w.l(libinit2.o)
    0x08000252   0x08000252   0x00000000   Code   RO         4699    .ARM.Collect$$libinit$$00000019  c_w.l(libinit2.o)
    0x08000252   0x08000252   0x00000000   Code   RO         4701    .ARM.Collect$$libinit$$0000001B  c_w.l(libinit2.o)
    0x08000252   0x08000252   0x00000000   Code   RO         4703    .ARM.Collect$$libinit$$0000001D  c_w.l(libinit2.o)
    0x08000252   0x08000252   0x00000000   Code   RO         4705    .ARM.Collect$$libinit$$0000001F  c_w.l(libinit2.o)
    0x08000252   0x08000252   0x00000000   Code   RO         4707    .ARM.Collect$$libinit$$00000021  c_w.l(libinit2.o)
    0x08000252   0x08000252   0x00000000   Code   RO         4709    .ARM.Collect$$libinit$$00000023  c_w.l(libinit2.o)
    0x08000252   0x08000252   0x00000000   Code   RO         4711    .ARM.Collect$$libinit$$00000025  c_w.l(libinit2.o)
    0x08000252   0x08000252   0x00000000   Code   RO         4715    .ARM.Collect$$libinit$$0000002C  c_w.l(libinit2.o)
    0x08000252   0x08000252   0x00000000   Code   RO         4717    .ARM.Collect$$libinit$$0000002E  c_w.l(libinit2.o)
    0x08000252   0x08000252   0x00000000   Code   RO         4719    .ARM.Collect$$libinit$$00000030  c_w.l(libinit2.o)
    0x08000252   0x08000252   0x00000000   Code   RO         4721    .ARM.Collect$$libinit$$00000032  c_w.l(libinit2.o)
    0x08000252   0x08000252   0x00000002   Code   RO         4722    .ARM.Collect$$libinit$$00000033  c_w.l(libinit2.o)
    0x08000254   0x08000254   0x00000002   Code   RO         4753    .ARM.Collect$$libshutdown$$00000000  c_w.l(libshutdown.o)
    0x08000256   0x08000256   0x00000000   Code   RO         4779    .ARM.Collect$$libshutdown$$00000002  c_w.l(libshutdown2.o)
    0x08000256   0x08000256   0x00000000   Code   RO         4781    .ARM.Collect$$libshutdown$$00000004  c_w.l(libshutdown2.o)
    0x08000256   0x08000256   0x00000000   Code   RO         4783    .ARM.Collect$$libshutdown$$00000006  c_w.l(libshutdown2.o)
    0x08000256   0x08000256   0x00000000   Code   RO         4786    .ARM.Collect$$libshutdown$$00000009  c_w.l(libshutdown2.o)
    0x08000256   0x08000256   0x00000000   Code   RO         4789    .ARM.Collect$$libshutdown$$0000000C  c_w.l(libshutdown2.o)
    0x08000256   0x08000256   0x00000000   Code   RO         4791    .ARM.Collect$$libshutdown$$0000000E  c_w.l(libshutdown2.o)
    0x08000256   0x08000256   0x00000000   Code   RO         4794    .ARM.Collect$$libshutdown$$00000011  c_w.l(libshutdown2.o)
    0x08000256   0x08000256   0x00000002   Code   RO         4795    .ARM.Collect$$libshutdown$$00000012  c_w.l(libshutdown2.o)
    0x08000258   0x08000258   0x00000000   Code   RO         4631    .ARM.Collect$$rtentry$$00000000  c_w.l(__rtentry.o)
    0x08000258   0x08000258   0x00000000   Code   RO         4637    .ARM.Collect$$rtentry$$00000002  c_w.l(__rtentry2.o)
    0x08000258   0x08000258   0x00000006   Code   RO         4649    .ARM.Collect$$rtentry$$00000004  c_w.l(__rtentry4.o)
    0x0800025e   0x0800025e   0x00000000   Code   RO         4639    .ARM.Collect$$rtentry$$00000009  c_w.l(__rtentry2.o)
    0x0800025e   0x0800025e   0x00000004   Code   RO         4640    .ARM.Collect$$rtentry$$0000000A  c_w.l(__rtentry2.o)
    0x08000262   0x08000262   0x00000000   Code   RO         4642    .ARM.Collect$$rtentry$$0000000C  c_w.l(__rtentry2.o)
    0x08000262   0x08000262   0x00000008   Code   RO         4643    .ARM.Collect$$rtentry$$0000000D  c_w.l(__rtentry2.o)
    0x0800026a   0x0800026a   0x00000002   Code   RO         4670    .ARM.Collect$$rtexit$$00000000  c_w.l(rtexit.o)
    0x0800026c   0x0800026c   0x00000000   Code   RO         4726    .ARM.Collect$$rtexit$$00000002  c_w.l(rtexit2.o)
    0x0800026c   0x0800026c   0x00000004   Code   RO         4727    .ARM.Collect$$rtexit$$00000003  c_w.l(rtexit2.o)
    0x08000270   0x08000270   0x00000006   Code   RO         4728    .ARM.Collect$$rtexit$$00000004  c_w.l(rtexit2.o)
    0x08000276   0x08000276   0x00000002   PAD
    0x08000278   0x08000278   0x00000040   Code   RO            4    .text               startup_stm32g474xx.o
    0x080002b8   0x080002b8   0x000000ee   Code   RO         4623    .text               c_w.l(lludivv7m.o)
    0x080003a6   0x080003a6   0x0000004e   Code   RO         4625    .text               c_w.l(rt_memclr_w.o)
    0x080003f4   0x080003f4   0x00000006   Code   RO         4627    .text               c_w.l(heapauxi.o)
    0x080003fa   0x080003fa   0x0000004a   Code   RO         4653    .text               c_w.l(sys_stackheap_outer.o)
    0x08000444   0x08000444   0x00000012   Code   RO         4655    .text               c_w.l(exit.o)
    0x08000456   0x08000456   0x00000002   PAD
    0x08000458   0x08000458   0x00000008   Code   RO         4667    .text               c_w.l(libspace.o)
    0x08000460   0x08000460   0x0000000c   Code   RO         4723    .text               c_w.l(sys_exit.o)
    0x0800046c   0x0800046c   0x00000002   Code   RO         4742    .text               c_w.l(use_no_semi.o)
    0x0800046e   0x0800046e   0x00000000   Code   RO         4744    .text               c_w.l(indicate_semi.o)
    0x0800046e   0x0800046e   0x00000002   PAD
    0x08000470   0x08000470   0x00000018   Code   RO          374    i.ADC1_StartDMA     adc.o
    0x08000488   0x08000488   0x00000018   Code   RO          381    i.ADC2_StartDMA     adc.o
    0x080004a0   0x080004a0   0x000000b8   Code   RO          383    i.ADC_CalibrateLegCurrentOffsets  adc.o
    0x08000558   0x08000558   0x00000024   Code   RO          384    i.ADC_CurrentFromRaw  adc.o
    0x0800057c   0x0800057c   0x00000092   Code   RO         1021    i.ADC_DMAConvCplt   stm32g4xx_hal_adc.o
    0x0800060e   0x0800060e   0x0000001e   Code   RO         1022    i.ADC_DMAError      stm32g4xx_hal_adc.o
    0x0800062c   0x0800062c   0x0000000e   Code   RO         1023    i.ADC_DMAHalfConvCplt  stm32g4xx_hal_adc.o
    0x0800063a   0x0800063a   0x00000002   PAD
    0x0800063c   0x0800063c   0x000000e0   Code   RO         1025    i.ADC_Enable        stm32g4xx_hal_adc.o
    0x0800071c   0x0800071c   0x0000000c   Code   RO          387    i.ADC_GetLeg1Current  adc.o
    0x08000728   0x08000728   0x0000000c   Code   RO          388    i.ADC_GetLeg2Current  adc.o
    0x08000734   0x08000734   0x0000000c   Code   RO          389    i.ADC_GetLeg3Current  adc.o
    0x08000740   0x08000740   0x0000000c   Code   RO          390    i.ADC_GetLeg4Current  adc.o
    0x0800074c   0x0800074c   0x0000000c   Code   RO          392    i.ADC_GetPeripheralDischargeCurrent  adc.o
    0x08000758   0x08000758   0x00000034   Code   RO          393    i.ADC_LegCurrentFromRaw  adc.o
    0x0800078c   0x0800078c   0x0000001c   Code   RO          394    i.ADC_LowPassFilter  adc.o
    0x080007a8   0x080007a8   0x000000bc   Code   RO          395    i.ADC_MedianFilterCurrent  adc.o
    0x08000864   0x08000864   0x00000030   Code   RO          397    i.ADC_PeripheralDischargeCurrentFromRaw  adc.o
    0x08000894   0x08000894   0x00000024   Code   RO          398    i.ADC_RawToVoltage  adc.o
    0x080008b8   0x080008b8   0x000001a4   Code   RO          399    i.ADC_UpdateCurrents  adc.o
    0x08000a5c   0x08000a5c   0x00000004   Code   RO          872    i.BusFault_Handler  stm32g4xx_it.o
    0x08000a60   0x08000a60   0x00000010   Code   RO          873    i.DMA1_Channel1_IRQHandler  stm32g4xx_it.o
    0x08000a70   0x08000a70   0x00000010   Code   RO          874    i.DMA1_Channel2_IRQHandler  stm32g4xx_it.o
    0x08000a80   0x08000a80   0x00000050   Code   RO         2464    i.DMA_CalcDMAMUXChannelBaseAndMask  stm32g4xx_hal_dma.o
    0x08000ad0   0x08000ad0   0x00000028   Code   RO         2465    i.DMA_CalcDMAMUXRequestGenBaseAndMask  stm32g4xx_hal_dma.o
    0x08000af8   0x08000af8   0x00000040   Code   RO         2466    i.DMA_SetConfig     stm32g4xx_hal_dma.o
    0x08000b38   0x08000b38   0x00000002   Code   RO          875    i.DebugMon_Handler  stm32g4xx_it.o
    0x08000b3a   0x08000b3a   0x00000006   Code   RO           13    i.Error_Handler     main.o
    0x08000b40   0x08000b40   0x00000010   Code   RO          876    i.FDCAN1_IT0_IRQHandler  stm32g4xx_it.o
    0x08000b50   0x08000b50   0x00000010   Code   RO          877    i.FDCAN1_IT1_IRQHandler  stm32g4xx_it.o
    0x08000b60   0x08000b60   0x00000010   Code   RO          878    i.FDCAN2_IT0_IRQHandler  stm32g4xx_it.o
    0x08000b70   0x08000b70   0x00000010   Code   RO          879    i.FDCAN2_IT1_IRQHandler  stm32g4xx_it.o
    0x08000b80   0x08000b80   0x00000010   Code   RO          880    i.FDCAN3_IT0_IRQHandler  stm32g4xx_it.o
    0x08000b90   0x08000b90   0x00000010   Code   RO          881    i.FDCAN3_IT1_IRQHandler  stm32g4xx_it.o
    0x08000ba0   0x08000ba0   0x00000080   Code   RO          616    i.FDCAN_BatteryCanStart  fdcan.o
    0x08000c20   0x08000c20   0x0000008c   Code   RO          617    i.FDCAN_BatteryCanTask  fdcan.o
    0x08000cac   0x08000cac   0x0000005c   Code   RO          618    i.FDCAN_CacheChargeReplyFrame  fdcan.o
    0x08000d08   0x08000d08   0x00000084   Code   RO         3123    i.FDCAN_CalcultateRamBlockAddresses  stm32g4xx_hal_fdcan.o
    0x08000d8c   0x08000d8c   0x00000070   Code   RO          619    i.FDCAN_ConfigBatteryRxFilters  fdcan.o
    0x08000dfc   0x08000dfc   0x00000038   Code   RO          620    i.FDCAN_ConfigRkRxFilters  fdcan.o
    0x08000e34   0x08000e34   0x000000cc   Code   RO         3124    i.FDCAN_CopyMessageToRAM  stm32g4xx_hal_fdcan.o
    0x08000f00   0x08000f00   0x00000070   Code   RO          621    i.FDCAN_CurrentToCanRaw  fdcan.o
    0x08000f70   0x08000f70   0x00000064   Code   RO          622    i.FDCAN_ForwardBatteryFrameToRk  fdcan.o
    0x08000fd4   0x08000fd4   0x00000044   Code   RO          623    i.FDCAN_GetChargeReplyFrameSlot  fdcan.o
    0x08001018   0x08001018   0x00000050   Code   RO          624    i.FDCAN_HandleRkChargeModeCommand  fdcan.o
    0x08001068   0x08001068   0x0000000e   Code   RO          625    i.FDCAN_IncrementDebugCounter  fdcan.o
    0x08001076   0x08001076   0x00000002   PAD
    0x08001078   0x08001078   0x0000003c   Code   RO          626    i.FDCAN_IsBatteryForwardFrame  fdcan.o
    0x080010b4   0x080010b4   0x0000000e   Code   RO          627    i.FDCAN_PackInt16LittleEndian  fdcan.o
    0x080010c2   0x080010c2   0x00000002   PAD
    0x080010c4   0x080010c4   0x00000078   Code   RO          628    i.FDCAN_ParseBatteryMosStatus  fdcan.o
    0x0800113c   0x0800113c   0x000000b4   Code   RO          629    i.FDCAN_ParseBatteryStatus  fdcan.o
    0x080011f0   0x080011f0   0x000000e0   Code   RO          630    i.FDCAN_PollBatteryRx  fdcan.o
    0x080012d0   0x080012d0   0x00000034   Code   RO          631    i.FDCAN_PollRkRx    fdcan.o
    0x08001304   0x08001304   0x0000004c   Code   RO          632    i.FDCAN_SendBatteryWakeFrame  fdcan.o
    0x08001350   0x08001350   0x00000048   Code   RO          633    i.FDCAN_SendChargeModeStatusToRk  fdcan.o
    0x08001398   0x08001398   0x000000ac   Code   RO          634    i.FDCAN_SendChargeReplyToCan2  fdcan.o
    0x08001444   0x08001444   0x00000044   Code   RO          635    i.FDCAN_SendCurrentReport  fdcan.o
    0x08001488   0x08001488   0x000000a6   Code   RO          636    i.FDCAN_SendCurrentReportsToRk  fdcan.o
    0x0800152e   0x0800152e   0x00000002   PAD
    0x08001530   0x08001530   0x00000020   Code   RO          637    i.FDCAN_SendEmergencyStopReportToRk  fdcan.o
    0x08001550   0x08001550   0x000001b8   Code   RO         1325    i.HAL_ADCEx_MultiModeConfigChannel  stm32g4xx_hal_adc_ex.o
    0x08001708   0x08001708   0x00000574   Code   RO         1027    i.HAL_ADC_ConfigChannel  stm32g4xx_hal_adc.o
    0x08001c7c   0x08001c7c   0x00000002   Code   RO         1028    i.HAL_ADC_ConvCpltCallback  stm32g4xx_hal_adc.o
    0x08001c7e   0x08001c7e   0x00000002   Code   RO         1029    i.HAL_ADC_ConvHalfCpltCallback  stm32g4xx_hal_adc.o
    0x08001c80   0x08001c80   0x00000002   Code   RO         1031    i.HAL_ADC_ErrorCallback  stm32g4xx_hal_adc.o
    0x08001c82   0x08001c82   0x00000002   PAD
    0x08001c84   0x08001c84   0x000002b8   Code   RO         1036    i.HAL_ADC_Init      stm32g4xx_hal_adc.o
    0x08001f3c   0x08001f3c   0x00000268   Code   RO          401    i.HAL_ADC_MspInit   adc.o
    0x080021a4   0x080021a4   0x00000158   Code   RO         1044    i.HAL_ADC_Start_DMA  stm32g4xx_hal_adc.o
    0x080022fc   0x080022fc   0x000000fe   Code   RO         2472    i.HAL_DMA_IRQHandler  stm32g4xx_hal_dma.o
    0x080023fa   0x080023fa   0x00000002   PAD
    0x080023fc   0x080023fc   0x000000d4   Code   RO         2473    i.HAL_DMA_Init      stm32g4xx_hal_dma.o
    0x080024d0   0x080024d0   0x000000c2   Code   RO         2477    i.HAL_DMA_Start_IT  stm32g4xx_hal_dma.o
    0x08002592   0x08002592   0x00000002   PAD
    0x08002594   0x08002594   0x00000028   Code   RO         1554    i.HAL_Delay         stm32g4xx_hal.o
    0x080025bc   0x080025bc   0x0000006a   Code   RO         3127    i.HAL_FDCAN_AddMessageToTxFifoQ  stm32g4xx_hal_fdcan.o
    0x08002626   0x08002626   0x00000064   Code   RO         3129    i.HAL_FDCAN_ConfigFilter  stm32g4xx_hal_fdcan.o
    0x0800268a   0x0800268a   0x00000002   Code   RO         3150    i.HAL_FDCAN_ErrorCallback  stm32g4xx_hal_fdcan.o
    0x0800268c   0x0800268c   0x00000002   Code   RO         3151    i.HAL_FDCAN_ErrorStatusCallback  stm32g4xx_hal_fdcan.o
    0x0800268e   0x0800268e   0x0000001e   Code   RO         3159    i.HAL_FDCAN_GetRxFifoFillLevel  stm32g4xx_hal_fdcan.o
    0x080026ac   0x080026ac   0x00000154   Code   RO         3160    i.HAL_FDCAN_GetRxMessage  stm32g4xx_hal_fdcan.o
    0x08002800   0x08002800   0x0000000e   Code   RO         3165    i.HAL_FDCAN_GetTxFifoFreeLevel  stm32g4xx_hal_fdcan.o
    0x0800280e   0x0800280e   0x00000002   Code   RO         3166    i.HAL_FDCAN_HighPriorityMessageCallback  stm32g4xx_hal_fdcan.o
    0x08002810   0x08002810   0x000001a8   Code   RO         3167    i.HAL_FDCAN_IRQHandler  stm32g4xx_hal_fdcan.o
    0x080029b8   0x080029b8   0x00000218   Code   RO         3168    i.HAL_FDCAN_Init    stm32g4xx_hal_fdcan.o
    0x08002bd0   0x08002bd0   0x00000250   Code   RO          639    i.HAL_FDCAN_MspInit  fdcan.o
    0x08002e20   0x08002e20   0x00000002   Code   RO         3175    i.HAL_FDCAN_RxFifo0Callback  stm32g4xx_hal_fdcan.o
    0x08002e22   0x08002e22   0x00000002   Code   RO         3176    i.HAL_FDCAN_RxFifo1Callback  stm32g4xx_hal_fdcan.o
    0x08002e24   0x08002e24   0x0000002e   Code   RO         3177    i.HAL_FDCAN_Start   stm32g4xx_hal_fdcan.o
    0x08002e52   0x08002e52   0x00000002   Code   RO         3179    i.HAL_FDCAN_TimeoutOccurredCallback  stm32g4xx_hal_fdcan.o
    0x08002e54   0x08002e54   0x00000002   Code   RO         3180    i.HAL_FDCAN_TimestampWraparoundCallback  stm32g4xx_hal_fdcan.o
    0x08002e56   0x08002e56   0x00000002   Code   RO         3181    i.HAL_FDCAN_TxBufferAbortCallback  stm32g4xx_hal_fdcan.o
    0x08002e58   0x08002e58   0x00000002   Code   RO         3182    i.HAL_FDCAN_TxBufferCompleteCallback  stm32g4xx_hal_fdcan.o
    0x08002e5a   0x08002e5a   0x00000002   Code   RO         3183    i.HAL_FDCAN_TxEventFifoCallback  stm32g4xx_hal_fdcan.o
    0x08002e5c   0x08002e5c   0x00000002   Code   RO         3184    i.HAL_FDCAN_TxFifoEmptyCallback  stm32g4xx_hal_fdcan.o
    0x08002e5e   0x08002e5e   0x00000002   PAD
    0x08002e60   0x08002e60   0x000001dc   Code   RO         2329    i.HAL_GPIO_Init     stm32g4xx_hal_gpio.o
    0x0800303c   0x0800303c   0x00000010   Code   RO         2331    i.HAL_GPIO_ReadPin  stm32g4xx_hal_gpio.o
    0x0800304c   0x0800304c   0x0000000a   Code   RO         2333    i.HAL_GPIO_WritePin  stm32g4xx_hal_gpio.o
    0x08003056   0x08003056   0x00000002   PAD
    0x08003058   0x08003058   0x0000000c   Code   RO         1558    i.HAL_GetTick       stm32g4xx_hal.o
    0x08003064   0x08003064   0x0000006a   Code   RO         3985    i.HAL_I2CEx_ConfigAnalogFilter  stm32g4xx_hal_i2c_ex.o
    0x080030ce   0x080030ce   0x00000068   Code   RO         3986    i.HAL_I2CEx_ConfigDigitalFilter  stm32g4xx_hal_i2c_ex.o
    0x08003136   0x08003136   0x00000002   PAD
    0x08003138   0x08003138   0x000000d8   Code   RO         3524    i.HAL_I2C_Init      stm32g4xx_hal_i2c.o
    0x08003210   0x08003210   0x000000cc   Code   RO          789    i.HAL_I2C_MspInit   i2c.o
    0x080032dc   0x080032dc   0x00000018   Code   RO         1564    i.HAL_IncTick       stm32g4xx_hal.o
    0x080032f4   0x080032f4   0x0000001e   Code   RO         1565    i.HAL_Init          stm32g4xx_hal.o
    0x08003312   0x08003312   0x00000002   PAD
    0x08003314   0x08003314   0x00000058   Code   RO         1566    i.HAL_InitTick      stm32g4xx_hal.o
    0x0800336c   0x0800336c   0x00000058   Code   RO          996    i.HAL_MspInit       stm32g4xx_hal_msp.o
    0x080033c4   0x080033c4   0x00000028   Code   RO         2978    i.HAL_NVIC_EnableIRQ  stm32g4xx_hal_cortex.o
    0x080033ec   0x080033ec   0x0000007a   Code   RO         2984    i.HAL_NVIC_SetPriority  stm32g4xx_hal_cortex.o
    0x08003466   0x08003466   0x00000002   PAD
    0x08003468   0x08003468   0x00000028   Code   RO         2985    i.HAL_NVIC_SetPriorityGrouping  stm32g4xx_hal_cortex.o
    0x08003490   0x08003490   0x00000118   Code   RO         2732    i.HAL_PWREx_ControlVoltageScaling  stm32g4xx_hal_pwr_ex.o
    0x080035a8   0x080035a8   0x00000014   Code   RO         2744    i.HAL_PWREx_DisableUCPDDeadBattery  stm32g4xx_hal_pwr_ex.o
    0x080035bc   0x080035bc   0x000000b8   Code   RO         2617    i.HAL_PWR_ConfigPVD  stm32g4xx_hal_pwr.o
    0x08003674   0x08003674   0x00000014   Code   RO         2625    i.HAL_PWR_EnablePVD  stm32g4xx_hal_pwr.o
    0x08003688   0x08003688   0x00000418   Code   RO         1930    i.HAL_RCCEx_PeriphCLKConfig  stm32g4xx_hal_rcc_ex.o
    0x08003aa0   0x08003aa0   0x00000224   Code   RO         1800    i.HAL_RCC_ClockConfig  stm32g4xx_hal_rcc.o
    0x08003cc4   0x08003cc4   0x0000000c   Code   RO         1806    i.HAL_RCC_GetHCLKFreq  stm32g4xx_hal_rcc.o
    0x08003cd0   0x08003cd0   0x00000024   Code   RO         1808    i.HAL_RCC_GetPCLK1Freq  stm32g4xx_hal_rcc.o
    0x08003cf4   0x08003cf4   0x00000024   Code   RO         1809    i.HAL_RCC_GetPCLK2Freq  stm32g4xx_hal_rcc.o
    0x08003d18   0x08003d18   0x00000098   Code   RO         1810    i.HAL_RCC_GetSysClockFreq  stm32g4xx_hal_rcc.o
    0x08003db0   0x08003db0   0x0000055c   Code   RO         1813    i.HAL_RCC_OscConfig  stm32g4xx_hal_rcc.o
    0x0800430c   0x0800430c   0x00000098   Code   RO         4463    i.HAL_RS485Ex_Init  stm32g4xx_hal_uart_ex.o
    0x080043a4   0x080043a4   0x00000034   Code   RO         2989    i.HAL_SYSTICK_Config  stm32g4xx_hal_cortex.o
    0x080043d8   0x080043d8   0x0000004e   Code   RO         4464    i.HAL_UARTEx_DisableFifoMode  stm32g4xx_hal_uart_ex.o
    0x08004426   0x08004426   0x0000005e   Code   RO         4473    i.HAL_UARTEx_SetRxFifoThreshold  stm32g4xx_hal_uart_ex.o
    0x08004484   0x08004484   0x0000005e   Code   RO         4474    i.HAL_UARTEx_SetTxFifoThreshold  stm32g4xx_hal_uart_ex.o
    0x080044e2   0x080044e2   0x00000002   PAD
    0x080044e4   0x080044e4   0x000000c8   Code   RO          831    i.HAL_UART_MspInit  usart.o
    0x080045ac   0x080045ac   0x00000004   Code   RO          882    i.HardFault_Handler  stm32g4xx_it.o
    0x080045b0   0x080045b0   0x00000010   Code   RO         1050    i.LL_ADC_Enable     stm32g4xx_hal_adc.o
    0x080045c0   0x080045c0   0x0000000a   Code   RO         1051    i.LL_ADC_GetCommonPathInternalCh  stm32g4xx_hal_adc.o
    0x080045ca   0x080045ca   0x0000000a   Code   RO         1053    i.LL_ADC_GetMultimode  stm32g4xx_hal_adc.o
    0x080045d4   0x080045d4   0x00000012   Code   RO         1054    i.LL_ADC_GetOffsetChannel  stm32g4xx_hal_adc.o
    0x080045e6   0x080045e6   0x0000000a   Code   RO         1055    i.LL_ADC_INJ_IsConversionOngoing  stm32g4xx_hal_adc.o
    0x080045f0   0x080045f0   0x0000000a   Code   RO         1057    i.LL_ADC_IsEnabled  stm32g4xx_hal_adc.o
    0x080045fa   0x080045fa   0x0000000a   Code   RO         1338    i.LL_ADC_IsEnabled  stm32g4xx_hal_adc_ex.o
    0x08004604   0x08004604   0x0000000a   Code   RO         1058    i.LL_ADC_IsInternalRegulatorEnabled  stm32g4xx_hal_adc.o
    0x0800460e   0x0800460e   0x0000000a   Code   RO         1059    i.LL_ADC_REG_IsConversionOngoing  stm32g4xx_hal_adc.o
    0x08004618   0x08004618   0x0000000a   Code   RO         1339    i.LL_ADC_REG_IsConversionOngoing  stm32g4xx_hal_adc_ex.o
    0x08004622   0x08004622   0x00000012   Code   RO         1060    i.LL_ADC_REG_IsTriggerSourceSWStart  stm32g4xx_hal_adc.o
    0x08004634   0x08004634   0x00000010   Code   RO         1061    i.LL_ADC_REG_StartConversion  stm32g4xx_hal_adc.o
    0x08004644   0x08004644   0x00000028   Code   RO         1063    i.LL_ADC_SetChannelSamplingTime  stm32g4xx_hal_adc.o
    0x0800466c   0x0800466c   0x0000000c   Code   RO         1064    i.LL_ADC_SetCommonPathInternalCh  stm32g4xx_hal_adc.o
    0x08004678   0x08004678   0x00000016   Code   RO         1065    i.LL_ADC_SetOffsetState  stm32g4xx_hal_adc.o
    0x0800468e   0x0800468e   0x0000000c   Code   RO         1066    i.LL_ADC_SetSamplingTimeCommonConfig  stm32g4xx_hal_adc.o
    0x0800469a   0x0800469a   0x00000002   PAD
    0x0800469c   0x0800469c   0x0000012c   Code   RO          402    i.MX_ADC1_Init      adc.o
    0x080047c8   0x080047c8   0x000000dc   Code   RO          403    i.MX_ADC2_Init      adc.o
    0x080048a4   0x080048a4   0x00000060   Code   RO          592    i.MX_DMA_Init       dma.o
    0x08004904   0x08004904   0x00000058   Code   RO          640    i.MX_FDCAN1_Init    fdcan.o
    0x0800495c   0x0800495c   0x00000058   Code   RO          641    i.MX_FDCAN2_Init    fdcan.o
    0x080049b4   0x080049b4   0x00000054   Code   RO          642    i.MX_FDCAN3_Init    fdcan.o
    0x08004a08   0x08004a08   0x00000124   Code   RO          186    i.MX_GPIO_Init      gpio.o
    0x08004b2c   0x08004b2c   0x00000058   Code   RO          790    i.MX_I2C1_Init      i2c.o
    0x08004b84   0x08004b84   0x00000070   Code   RO          832    i.MX_USART2_UART_Init  usart.o
    0x08004bf4   0x08004bf4   0x00000004   Code   RO          883    i.MemManage_Handler  stm32g4xx_it.o
    0x08004bf8   0x08004bf8   0x00000004   Code   RO          884    i.NMI_Handler       stm32g4xx_it.o
    0x08004bfc   0x08004bfc   0x00000002   Code   RO          885    i.PendSV_Handler    stm32g4xx_it.o
    0x08004bfe   0x08004bfe   0x00000002   PAD
    0x08004c00   0x08004c00   0x00000090   Code   RO          187    i.Power_AllMosOff   gpio.o
    0x08004c90   0x08004c90   0x00000060   Code   RO          188    i.Power_DisableBattery1Path  gpio.o
    0x08004cf0   0x08004cf0   0x00000060   Code   RO          189    i.Power_DisableBattery2Path  gpio.o
    0x08004d50   0x08004d50   0x00000088   Code   RO          190    i.Power_DisableLowerRechargeMosBeforeNewDischarge  gpio.o
    0x08004dd8   0x08004dd8   0x00000038   Code   RO          191    i.Power_EnableBattery1DischargePath  gpio.o
    0x08004e10   0x08004e10   0x00000038   Code   RO          192    i.Power_EnableBattery2DischargePath  gpio.o
    0x08004e48   0x08004e48   0x0000006c   Code   RO          193    i.Power_EnterChargeMode  gpio.o
    0x08004eb4   0x08004eb4   0x00000044   Code   RO          194    i.Power_EnterDischargeMode  gpio.o
    0x08004ef8   0x08004ef8   0x00000058   Code   RO          195    i.Power_ExitChargeMode  gpio.o
    0x08004f50   0x08004f50   0x0000002c   Code   RO          197    i.Power_FinishBattery1PreDischarge  gpio.o
    0x08004f7c   0x08004f7c   0x0000002c   Code   RO          198    i.Power_FinishBattery2PreDischarge  gpio.o
    0x08004fa8   0x08004fa8   0x0000001c   Code   RO          199    i.Power_GetBatteryCanVoltage  gpio.o
    0x08004fc4   0x08004fc4   0x0000007c   Code   RO          200    i.Power_GetRechargeMaskByCanVoltage  gpio.o
    0x08005040   0x08005040   0x00000054   Code   RO          201    i.Power_IsBatteryCanPresent  gpio.o
    0x08005094   0x08005094   0x0000009c   Code   RO          202    i.Power_IsBatteryCanReady  gpio.o
    0x08005130   0x08005130   0x0000004c   Code   RO          203    i.Power_IsEmergencyStopActive  gpio.o
    0x0800517c   0x0800517c   0x00000098   Code   RO          204    i.Power_ModeTask    gpio.o
    0x08005214   0x08005214   0x00000010   Code   RO          205    i.Power_ReadEmergencyStop  gpio.o
    0x08005224   0x08005224   0x00000028   Code   RO          206    i.Power_SetChargeMos  gpio.o
    0x0800524c   0x0800524c   0x00000024   Code   RO          207    i.Power_SetRechargeMos  gpio.o
    0x08005270   0x08005270   0x00000058   Code   RO          208    i.Power_StartBattery1PreDischarge  gpio.o
    0x080052c8   0x080052c8   0x00000058   Code   RO          209    i.Power_StartBattery2PreDischarge  gpio.o
    0x08005320   0x08005320   0x00000068   Code   RO          210    i.Power_UpdateBattery1Path  gpio.o
    0x08005388   0x08005388   0x00000068   Code   RO          211    i.Power_UpdateBattery2Path  gpio.o
    0x080053f0   0x080053f0   0x00000128   Code   RO          212    i.Power_UpdateChargeMode  gpio.o
    0x08005518   0x08005518   0x0000010c   Code   RO          213    i.Power_UpdateGpioDebugStates  gpio.o
    0x08005624   0x08005624   0x00000028   Code   RO          214    i.Power_UpdatePeripheralPower  gpio.o
    0x0800564c   0x0800564c   0x00000016   Code   RO          215    i.Power_UpdateRechargeMos  gpio.o
    0x08005662   0x08005662   0x00000002   PAD
    0x08005664   0x08005664   0x00000068   Code   RO         1814    i.RCC_GetSysClockFreqFromPLLSource  stm32g4xx_hal_rcc.o
    0x080056cc   0x080056cc   0x00000002   Code   RO          886    i.SVC_Handler       stm32g4xx_it.o
    0x080056ce   0x080056ce   0x00000008   Code   RO          887    i.SysTick_Handler   stm32g4xx_it.o
    0x080056d6   0x080056d6   0x0000006c   Code   RO           14    i.SystemClock_Config  main.o
    0x08005742   0x08005742   0x00000002   PAD
    0x08005744   0x08005744   0x00000014   Code   RO         4588    i.SystemInit        system_stm32g4xx.o
    0x08005758   0x08005758   0x00000058   Code   RO         4478    i.UARTEx_SetNbDataToProcess  stm32g4xx_hal_uart_ex.o
    0x080057b0   0x080057b0   0x000000f8   Code   RO         4082    i.UART_AdvFeatureConfig  stm32g4xx_hal_uart.o
    0x080058a8   0x080058a8   0x000000ea   Code   RO         4083    i.UART_CheckIdleState  stm32g4xx_hal_uart.o
    0x08005992   0x08005992   0x00000002   PAD
    0x08005994   0x08005994   0x0000006c   Code   RO         4094    i.UART_EndRxTransfer  stm32g4xx_hal_uart.o
    0x08005a00   0x08005a00   0x000003c8   Code   RO         4101    i.UART_SetConfig    stm32g4xx_hal_uart.o
    0x08005dc8   0x08005dc8   0x000000ac   Code   RO         4108    i.UART_WaitOnFlagUntilTimeout  stm32g4xx_hal_uart.o
    0x08005e74   0x08005e74   0x00000004   Code   RO          888    i.UsageFault_Handler  stm32g4xx_it.o
    0x08005e78   0x08005e78   0x00000010   Code   RO         2991    i.__NVIC_GetPriorityGrouping  stm32g4xx_hal_cortex.o
    0x08005e88   0x08005e88   0x00000028   Code   RO         2992    i.__NVIC_SetPriority  stm32g4xx_hal_cortex.o
    0x08005eb0   0x08005eb0   0x00000062   Code   RO           15    i.main              main.o
    0x08005f12   0x08005f12   0x0000000a   Code   RO         4738    x$fpl$fpinit        fz_wm.l(fpinit.o)
    0x08005f1c   0x08005f1c   0x0000001c   Data   RO          644    .constdata          fdcan.o
    0x08005f38   0x08005f38   0x00000010   Data   RO         3185    .constdata          stm32g4xx_hal_fdcan.o
    0x08005f48   0x08005f48   0x00000018   Data   RO         4109    .constdata          stm32g4xx_hal_uart.o
    0x08005f60   0x08005f60   0x00000010   Data   RO         4480    .constdata          stm32g4xx_hal_uart_ex.o
    0x08005f70   0x08005f70   0x00000018   Data   RO         4589    .constdata          system_stm32g4xx.o
    0x08005f88   0x08005f88   0x00000020   Data   RO         4796    Region$$Table       anon$$obj.o


    Execution Region RW_IRAM1 (Exec base: 0x20000000, Load base: 0x08005fa8, Size: 0x00000bb0, Max: 0x00020000, ABSOLUTE)

    Exec Addr    Load Addr    Size         Type   Attr      Idx    E Section Name        Object

    0x20000000   0x08005fa8   0x00000028   Data   RW          216    .data               gpio.o
    0x20000028   0x08005fd0   0x00000034   Data   RW          405    .data               adc.o
    0x2000005c   0x08006004   0x00000050   Data   RW          645    .data               fdcan.o
    0x200000ac   0x08006054   0x0000000c   Data   RW         1585    .data               stm32g4xx_hal.o
    0x200000b8   0x08006060   0x00000004   Data   RW         4590    .data               system_stm32g4xx.o
    0x200000bc        -       0x00000204   Zero   RW          404    .bss                adc.o
    0x200002c0        -       0x000001a4   Zero   RW          643    .bss                fdcan.o
    0x20000464        -       0x00000054   Zero   RW          791    .bss                i2c.o
    0x200004b8        -       0x00000094   Zero   RW          833    .bss                usart.o
    0x2000054c        -       0x00000060   Zero   RW         4668    .bss                c_w.l(libspace.o)
    0x200005ac   0x08006064   0x00000004   PAD
    0x200005b0        -       0x00000200   Zero   RW            2    HEAP                startup_stm32g474xx.o
    0x200007b0        -       0x00000400   Zero   RW            1    STACK               startup_stm32g474xx.o


==============================================================================

Image component sizes


      Code (inc. data)   RO Data    RW Data    ZI Data      Debug   Object Name

      2236        238          0         52        516      13001   adc.o
        96          6          0          0          0        786   dma.o
      2990        350         28         80        420      20206   fdcan.o
      2950        502          0         40          0      18493   gpio.o
       292         26          0          0         84       1749   i2c.o
       212          0          0          0          0     869901   main.o
        64         26        472          0       1536        836   startup_stm32g474xx.o
       194         32          0         12          0       4253   stm32g4xx_hal.o
      3070        174          0          0          0      83957   stm32g4xx_hal_adc.o
       460         26          0          0          0      69111   stm32g4xx_hal_adc_ex.o
       310         22          0          0          0      34291   stm32g4xx_hal_cortex.o
       844         20          0          0          0       4839   stm32g4xx_hal_dma.o
      1954         32         16          0          0      18223   stm32g4xx_hal_fdcan.o
       502         34          0          0          0       2707   stm32g4xx_hal_gpio.o
       216          4          0          0          0       2751   stm32g4xx_hal_i2c.o
       210          0          0          0          0       1923   stm32g4xx_hal_i2c_ex.o
        88          4          0          0          0        874   stm32g4xx_hal_msp.o
       204         14          0          0          0       1708   stm32g4xx_hal_pwr.o
       300         18          0          0          0       1389   stm32g4xx_hal_pwr_ex.o
      2260        106          0          0          0       7196   stm32g4xx_hal_rcc.o
      1048         10          0          0          0       1980   stm32g4xx_hal_rcc_ex.o
      1730         70         24          0          0      24246   stm32g4xx_hal_uart.o
       506         14         16          0          0       4544   stm32g4xx_hal_uart_ex.o
       162         48          0          0          0       8104   stm32g4xx_it.o
        20          6         24          4          0       1103   system_stm32g4xx.o
       312         20          0          0        148       1802   usart.o

    ----------------------------------------------------------------------
     23266       1802        612        188       2704    1199973   Object Totals
         0          0         32          0          0          0   (incl. Generated)
        36          0          0          0          0          0   (incl. Padding)

    ----------------------------------------------------------------------

      Code (inc. data)   RO Data    RW Data    ZI Data      Debug   Library Member Name

         8          0          0          0          0         68   __main.o
         0          0          0          0          0          0   __rtentry.o
        12          0          0          0          0          0   __rtentry2.o
         6          0          0          0          0          0   __rtentry4.o
        52          8          0          0          0          0   __scatter.o
        26          0          0          0          0          0   __scatter_copy.o
        28          0          0          0          0          0   __scatter_zi.o
        18          0          0          0          0         80   exit.o
         6          0          0          0          0        152   heapauxi.o
         0          0          0          0          0          0   indicate_semi.o
         2          0          0          0          0          0   libinit.o
         6          0          0          0          0          0   libinit2.o
         2          0          0          0          0          0   libshutdown.o
         2          0          0          0          0          0   libshutdown2.o
         8          4          0          0         96         68   libspace.o
       238          0          0          0          0        100   lludivv7m.o
        78          0          0          0          0         80   rt_memclr_w.o
         2          0          0          0          0          0   rtexit.o
        10          0          0          0          0          0   rtexit2.o
        12          4          0          0          0         68   sys_exit.o
        74          0          0          0          0         80   sys_stackheap_outer.o
         2          0          0          0          0         68   use_no_semi.o
        10          0          0          0          0        116   fpinit.o

    ----------------------------------------------------------------------
       610         16          0          0        100        880   Library Totals
         8          0          0          0          4          0   (incl. Padding)

    ----------------------------------------------------------------------

      Code (inc. data)   RO Data    RW Data    ZI Data      Debug   Library Name

       592         16          0          0         96        764   c_w.l
        10          0          0          0          0        116   fz_wm.l

    ----------------------------------------------------------------------
       610         16          0          0        100        880   Library Totals

    ----------------------------------------------------------------------

==============================================================================


      Code (inc. data)   RO Data    RW Data    ZI Data      Debug   

     23876       1818        612        188       2804    1181993   Grand Totals
     23876       1818        612        188       2804    1181993   ELF Image Totals
     23876       1818        612        188          0          0   ROM Totals

==============================================================================

    Total RO  Size (Code + RO Data)                24488 (  23.91kB)
    Total RW  Size (RW Data + ZI Data)              2992 (   2.92kB)
    Total ROM Size (Code + RO Data + RW Data)      24676 (  24.10kB)

==============================================================================

